// Jest Snapshot v1, https://goo.gl/fbAQLP

exports[`Terminal utils $.terminal.from_ansi should format plots with moving cursors 1`] = `
"  Y Axis                  Foo: [[;#A00;]#]
                                   
                                   
                                   
                                   
                                   
                                   
                                   
   A                               
 10|                               
   |                               
  8|         [[;#A00;]#]                     
   | [[;#A00;]#] [[;#A00;]#]       [[;#A00;]#]
  6|     [[;#A00;]#]
   |       [[;#A00;]#]
  4|
   |
  2|
   |
   +---+---+---+---+---+----+----+----+-> X Axis
   0   2   4   6   8   10   12   14   "
`;

exports[`Terminal utils $.terminal.from_ansi should format plots with moving cursors 2`] = `
"  Y Axis                  A: [[;#A00;]*] | B: [[;#00A;]# ] | C: [[;;#0AA]  ]
                                   
                                   
                                   
                                   
                                   
                                   
                                   
                                   
                                   
                                   
     [[;#A00;]*] [[;#A00;]*] [[;#A00;]*] [[;#A00;]*] [[;#A00;]*] [[;#A00;]*]                   
                 [[;#A00;]*]
                   [[;#A00;]*]
                     [[;#A00;]*]
                       [[;#A00;]*]
                         [[;#A00;]*]
                           [[;#A00;]*]
                             [[;#A00;]*]
                               [[;#A00;]*]
   A                             [[;#A00;]*]
 10|           [[;;#0AA]  ]                  [[;#A00;]*]
   |   [[;#00A;]# ][[;#00A;]# ]
  8|   [[;#00A;]# ][[;#00A;]# ]
   |
  6|
   |
  4|
   |
  2|
   |
   +---+---+---+---+---+----+----+----+-> X Axis
   0   2   4   6   8   10   12   14   "
`;

exports[`Terminal utils $.terminal.from_ansi should render ANSI art 1`] = `
"


                                 [[b;#444;#000]▄]▄▄▄▄▄[[b;#444;]▄  ▄]▄▄▄▄[[b;#444;]▄]
                          [[b;#444;]▄]▄▄▄[[b;;#AAA]░▒▓█]▀▀▄▄▄[[b;;#AAA]░▒▓█▓▓▓▓▒▒]▄[[b;#444;]▄]
                      [[b;#444;]▄]▄[[b;;#AAA]░▒▓▓██]▀▀▄▄[[b;;#AAA]░▒▓████████▓▓▓▓▓▒░]▄
                    ▄[[b;;#AAA]░▒▓██▒]▀▀▄[[b;;#AAA]░▒▓█████████████████▓▓▓▒]▄
                 [[b;#444;]░]▄[[b;;#AAA]░▒▓██]▀▄▄[[b;;#AAA]▄▄▀▀][[;#444;#AAA]▄▄][[;#FFF;#AAA]░▒▓████████████████▓▓▓▒]▄
                ▄[[b;;#AAA]░░▒▓██▓][[;#444;#000]▄▀][[;#FFF;#AAA]▒▓][[;#444;#AAA]▄][[;#444;#000] ░  ▀]▀[[b;;#AAA]░▒█████████████████▓▓▓▒]▄
              [[b;#444;]░]▄[[b;;#AAA]░▒▓████▒][[;#444;#AAA]▒][[;#444;#000]▌▐][[;#FFF;#AAA]▒▓][[;#444;#AAA]▀][[;#444;#000]   ░  ▀]▀[[b;;#AAA]░▒▓▓██████████████▓▓▓]▓
             [[b;#444;]░][[;#FFF;#AAA]░░▒▓█████▒][[;#444;#000]▓ ░][[;#FFF;#AAA]▒▓]▌ [[b;#444;]░░░]    [[b;#444;]▀]▀▀[[b;;#AAA]▒▓▓██████████████▓▓░]░
            [[;#444;]░][[;#FFF;#AAA]░▒▓]▀[[b;;#AAA]▓▓███▓▒][[;#444;#000]░  ][[;#FFF;#AAA]▒█][[;#FFF;#000] ][[;#444;#000]▄][[;#444;#AAA]▀▀▀▒][[;#444;#000]▄▄▒▒  ▀]▀▀[[b;;#AAA]▒▓▓████████████▓▓▒]▒
           [[b;#444;]░][[;#FFF;#AAA]░░]▀▄[[b;;#AAA]░▓████▓▒][[;#444;#AAA]▀][[;#444;#000]▄▐][[;#FFF;#AAA]▒][[;#FFF;#000] ][[;#444;#AAA]▒][[;#FFF;#AAA]░░▒▓▓▄▓▓░][[;#444;#AAA]▀▀▀][[;#444;#000]▄ ▀]▀▀[[b;;#AAA]▒▓█▓█████████▓▓▓]▓
           ▐▌▀▄[[b;;#AAA]░▓██████▓░▒░]▌[[b;#444;]▐][[;#FFF;#AAA]░▓▓▓████████▓░][[;#444;#AAA]▀▀][[;#444;#000]▄ ▀]▀[[b;;#AAA]░▒▓█▓█████▓▓▓▓▓]▒░
          [[b;#444;]░][[;#444;#AAA]░][[;#444;#000] ][[;#FFF;#AAA]░░▓█████████▒▒][[;#FFF;#000] ][[;#FFF;#AAA]░▓████████████▓▓░░][[;#444;#AAA]▀▀][[;#444;#000]▄ ]▀▀[[b;;#AAA]░▒▓▓▓▓▓▓█▓▓░▓]▒▒
          ▐[[b;#444;#AAA]░]▐[[b;;#AAA]░▓█████████▓▒][[;;#000] ][[;#444;#AAA]▒][[;#FFF;#AAA]▓█████████████▓▓▒][[;#444;#000]▀▀█][[;#FFF;#AAA]░][[;#444;#AAA]▓][[;#444;#000]▄▄▀]▀▀[[b;;#AAA]░▒▓▒▒▓▓█▓ ▓]▓▒
         [[b;#444;]░][[;#444;#AAA]░▒][[;#444;#000] ][[;#FFF;#AAA]▓███████▓▓▒]▀ [[b;#444;#AAA]▒][[;#FFF;#AAA]░▓███████████▓▓░]▀ ▄[[b;;#AAA]░]▄[[b;#444;]▄▀▀▀][[;#444;#AAA]▓][[;#444;#000]░  ▀▀]▀▀[[b;;#AAA]░░▓▓█░][[;;#000] ]▓░
         ▐[[b;#444;#AAA]░▓][[;#444;#000] ][[;#FFF;#AAA]▒██████▓▒]▀ [[b;#444;]▄][[;#444;#AAA]▒][[;#FFF;#AAA]░▓██████████▓▀▄]▀[[b;#444;]▄][[;#444;#AAA]▀][[;#FFF;#AAA]▓▒▒▓█▄▄ ][[;#444;#000]▄▀▄]      [[;#444;#000]▀]▀[[b;;#AAA]▒▓▒]▌▐▓
        [[b;#444;]░][[;#444;#AAA]░▒][[;#444;#000]▌ ][[;#FFF;#AAA]░]▌[[b;;#AAA]████▓▒][[;;#000]  ][[;#444;#000]▀▄][[;#FFF;#AAA]░▒▓███████▓▀▓▓]▀[[b;#444;]▄][[;#444;#AAA]▀][[;#FFF;#AAA]░▒][[;#444;#AAA]▄][[;#444;#000]▓▀▀ ▀▀█][[;#444;#AAA]▓][[;#FFF;#AAA] ][[;#FFF;#000] ][[;#444;#000]▓]       [[;#FFF;#000]░][[;#FFF;#AAA]▒▓]█ [[b;;#AAA]▒]▄
        [[b;#444;]░][[;#444;#AAA]▒▓][[;#444;#000] ▐]▌▐█[[b;;#AAA]██▓▒][[;;#000]  ][[;#444;#000]░▀▄][[;#FFF;#AAA]░▒▓██▓▓▒▄▄█▒░░][[;#FFF;#000] ][[;#444;#AAA]▒][[;#FFF;#AAA]░][[;#444;#AAA]░▓][[;#444;#000]▀]       [[;#444;#000]░][[;#444;#AAA]▓][[;#444;#000]▌▐▓]      [[;#FFF;#000]░][[;#FFF;#AAA]▓]█[[b;#444;#AAA]░]▌░[[b;;#AAA]▒]░
        [[b;#444;]░][[;#444;#AAA]▒][[;#444;#000]█ ░ ]█[[b;;#AAA]██▓▒][[;#444;#000]░ ░▒][[;#444;#AAA]▓░][[;#FFF;#AAA]▒▓▓▄▄░]▀▀▀[[b;#444;]▀▀▀▓][[;#FFF;#AAA]▒]▌[[b;#444;]▐][[;#FFF;#AAA]░][[;#444;#AAA]░][[;#444;#000]▌]         [[;#444;#000]░][[;#444;#AAA]▓][[;#444;#000] ▓▒]     [[;#FFF;#000]░][[;#FFF;#AAA]▓]█[[b;#444;#AAA]▒][[;#444;#000]▌]▐[[b;;#AAA]▓░]
         [[;#444;#AAA]▓][[;#444;#000]▌░▒]▐[[b;;#AAA]██▒]▀   [[b;#444;]▒░][[;#444;#AAA]▓░]▀▀▄▄[[b;#444;]▄  ░  ░ ▀][[;#FFF;#AAA]░]▌[[b;#444;]▐][[;#FFF;#AAA]▒░][[;#444;#000]▌░]         [[;#444;#AAA]▒][[;#444;#000]▌▐▓▒  ░ ][[;#FFF;#000]▓][[;#FFF;#AAA]▒][[;#444;#AAA]▒▒][[;#444;#000]▌]▐▄▀▒
         [[b;#444;]▓▓▒▓]█[[b;;#AAA]▓▒]▀[[b;#444;]▄  ░▓▒▄ ][[;#444;#AAA]▓▓][[;#FFF;#AAA]░▓▓]▀▀▀[[b;#444;#AAA]▀][[;#444;#000]▄  ░▀][[;#FFF;#AAA]░][[;#FFF;#000] ][[;#FFF;#AAA]▒▓▒]▄[[b;#444;]░   ]▄[[b;#444;]■░▄][[;#FFF;#AAA]▀░][[;#444;#AAA]░][[;#444;#000]▄▀][[;#444;#AAA]▒][[;#444;#000]    ][[;#FFF;#000]▓]█[[b;#444;#AAA]▒▓][[;#444;#000] ][[;#FFF;#AAA]░░][[;#FFF;#000] ]▓
         [[;#444;]▐▓▓ ][[;#FFF;#AAA]▒▒░][[;#444;#000]▐][[;#444;#AAA]▓][[;#444;#000]▌   ][[;#444;#AAA]▓▓][[;#444;#000]▄░ ▀▄]▄[[b;;#AAA]▒▓▀▀▀][[;#444;#000]▀▄ ░][[;#FFF;#AAA]░][[;#FFF;#000] ][[;#FFF;#AAA]▀][[;#444;#000]▀][[;#FFF;#AAA]▀█▄▄▄▓▓▄▄█▓▓][[;#444;#AAA]░▓][[;#444;#000]▌▀▌░  ][[;#FFF;#AAA]▒][[;#444;#AAA]▒▒▓][[;#444;#000] ][[;#FFF;#AAA]░▒]▌▐░
          [[b;#444;]█  ][[;#FFF;#AAA]░]▀ [[b;#444;#AAA]▓▒▒][[;#444;#000] ░▐][[;#444;#AAA]▓][[;#FFF;#AAA]░][[;#444;#AAA]▓][[;#444;#000]▄ ░▀▀]▀▀[[b;#444;]▀▄]▄[[b;;#AAA]▒▓][[;#444;#AAA]░]▌▐ [[b;#444;]▌  ▀][[;#444;#AAA]▄][[;#FFF;#AAA]▀▀][[;#444;#AAA]▄][[;#444;#000]▀▀▀][[;#444;#AAA]▄][[;#FFF;#AAA]▒░][[;#444;#AAA]▒▒][[;#444;#000]▒ ░  ][[;#FFF;#000]░][[;#FFF;#AAA]▒][[;#444;#AAA]▒▓][[;#444;#000]▌]▐[[b;;#AAA]▒▓░]░░
          [[b;#444;]▐▌ ▐][[;#FFF;#AAA]▓][[;#FFF;#000] ][[;#444;#AAA]▒░░][[;#FFF;#AAA]▒][[;#FFF;#000]  ][[;#444;#AAA]▒][[;#FFF;#AAA]░][[;#444;#AAA]▒▓][[;#444;#000]▄ ░    ]▀[[b;;#AAA]▒▓█▒][[;#444;#AAA]▓][[;#444;#000]░]▌[[b;#444;]▐   ][[;#444;#AAA]▓][[;#444;#000]▀▀▄][[;#FFF;#AAA]░]█[[b;#444;]▓▄▀▀▀▄░    ][[;#FFF;]▒][[;#FFF;#AAA]░][[;#444;#AAA]▒▓][[;#444;#000]▌]░[[b;;#AAA]░█░]░
           [[;#444;]█▄ ][[;#FFF;#AAA]▒▓][[;#FFF;#000] ][[;#444;#AAA]░][[;#FFF;#AAA]▒▓▓][[;#FFF;#000] ][[;#444;#000]▀][[;#444;#AAA]░][[;#FFF;#AAA]░░][[;#444;#AAA]░][[;#444;#000]▄░ ▄]▄[[b;;#AAA]▒▓▓██▓][[;#444;#AAA]▒▓]▌[[b;#444;]▐▄  ▐][[;#FFF;#AAA]░▄░▒][[;#444;#AAA]░▒][[;#444;#000] ▓▓▒▒░ ░  ][[;#FFF;#000]▓][[;#444;#AAA]░▒▓][[;#444;#000] ][[;#FFF;#AAA]░█▓]░░
           [[b;#444;]▐▓▄▀][[;#FFF;#AAA]█▓][[;#FFF;#000] ][[;#FFF;#AAA]▓▓▓▒][[;#FFF;#000] ][[;#444;#000]▀][[;#444;#AAA]░░][[;#FFF;#AAA]░▄▒▓▓█▓████▓][[;#444;#AAA]░][[;#444;#000]█][[;#444;#AAA]░][[;#FFF;#000] ]█[[b;#444;#AAA]▀▀▀][[;#FFF;#AAA]▒▓▒▓][[;#444;#AAA]░][[;#444;#000]▌▓ ░░   ░ ][[;#FFF;#000] ][[;#FFF;#AAA]▒][[;#444;#AAA]▒▓][[;#444;#000]▌]▐[[b;;#AAA]░█░]░
           [[;#444;]▓▓▓▄▐][[;#FFF;#AAA]▓▓][[;#FFF;#000] ][[;#FFF;#AAA]▓█▓▒][[;#FFF;#000] ][[;#444;#000]▀][[;#444;#AAA]░]█[[b;;#AAA]░▓▓█▓████▓░][[;#444;#000]▀][[;#444;#AAA]░▓][[;#FFF;#000] ][[;#FFF;#AAA]░▒▓▓███][[;#444;#AAA]░▒▓][[;#444;#000] ░]      [[;#FFF;#000] ░]█[[b;#444;#AAA]▒▓][[;#444;#000] ][[;#FFF;#AAA]░█▓]░
          [[b;#444;]▐▓▀ ▀ ][[;#444;#AAA]░][[;#FFF;#AAA]▓][[;#FFF;#000] ][[;#FFF;#AAA]▒██▓▒][[;#FFF;#000] ][[;#444;#000]▀][[;#444;#AAA]░░]█[[b;;#AAA]▒▓▒▓▓█▓][[;#444;#AAA]▓][[;#444;#000]▌ ▄][[;#444;#AAA]▒]▄▀[[b;;#AAA]▀▀█▀]▀[[b;#444;]▀▀▄░▀▒░   ░ ][[;#FFF;] ][[;#FFF;#AAA]▒][[;#444;#AAA]▒▓][[;#444;#000]▌]▐[[b;;#AAA]░▓]▌
           [[b;#444;]▓▒   ][[;#444;#AAA]▓][[;#FFF;#AAA]▒▓][[;#FFF;#000] ][[;#FFF;#AAA]▒██▓▒][[;#FFF;#000] ][[;#444;#000]▀][[;#444;#AAA]▒░][[;#FFF;#AAA]░▒░▒▒▓]█[[b;#444;#AAA]▒▓▓▒░]██▄ ▀[[b;#444;]▄][[;#444;#AAA]▒▒][[;#444;#000]▀▀▄ ]▐[[b;#444;]▓]     [[;#FFF;]▒][[;#FFF;#AAA]░][[;#444;#AAA]▒▓][[;#444;#000] ][[;#FFF;#AAA]░▓░]
           [[;#444;]▐▓▌░ ▐][[;#FFF;#AAA]░░▓][[;#FFF;#000] ][[;#FFF;#AAA]▒██▓▒][[;#FFF;#000]  ][[;#444;#AAA]▒░][[;#FFF;#AAA]░░░]█[[b;;#AAA]░]█[[b;#444;#AAA]░░][[;#FFF;#AAA]░][[;#444;#000]█]▀[[b;#444;]▀ ]▄▌ ▀▄▄[[b;;#AAA]▒][[;#444;#000]▀ ]▄[[b;;#AAA]▒][[;#444;#AAA]░][[;#444;#000]▌░  ][[;#FFF;#000]░][[;#FFF;#AAA]▒][[;#444;#AAA]▒▓][[;#444;#000] ][[;#FFF;#000]▓][[;#FFF;#AAA]▓░][[;#444;#000]▀]
            [[;#444;#000]▀█▄▒ █][[;#444;#AAA]░][[;#FFF;#AAA]░▒][[;#FFF;#000] ][[;#FFF;#AAA]▒▓█▓▒]▄ [[b;#444;]▀][[;#444;#AAA]░░][[;#FFF;#AAA]░]████[[b;;#AAA]░][[;#444;#AAA]▀][[;#444;#000]▄ ▀]█[[b;;#AAA]▓▀][[;;#000] ][[;#444;#000]▀▀]▄▄[[b;;#AAA]░]█[[b;;#AAA]▒▓░][[;#444;#000]▓   ][[;#FFF;#AAA]▒][[;#444;#AAA]▒][[;#444;#000]▀]▄[[b;;#AAA]█▓░][[;#444;#000]▀]
              [[;#444;#000]▀█▄▐][[;#444;#AAA]░]█[[b;;#AAA]░][[;;#000] ][[;;#AAA]▒▓██▓▒░][[;;#000] ][[;#444;#000]▀][[;#444;#AAA]▒░][[;#FFF;#AAA]░]██[[b;;#AAA]░▓▒]██[[b;#444;]▀]▄▄▄▄ [[b;;#AAA]▒░▒]█[[b;;#AAA]▒▓][[;#444;#AAA]░][[;#444;#000]▓▀  ][[;#FFF;#AAA]▒][[;#444;#AAA]▒][[;#444;#000] ][[;#FFF;#000]▓][[;#FFF;#AAA]█▓░][[;#444;#000]▀]
                [[;#444;#000]▀▄][[;#444;#AAA]▓░][[;#FFF;#AAA]░]▐[[b;;#AAA]▒▓███▓▓▒]▄ [[b;#444;#AAA]▒░░][[;#FFF;#AAA]░]█[[b;;#AAA]▒░]█[[b;#444;]▀ ]▄[[b;;#AAA]█▓▓]▄▀[[b;;#AAA]▒▓█▓][[;#444;#AAA]░][[;#444;#000]▓░  ][[;#FFF;#AAA]▒][[;#444;#AAA]▒][[;#444;#000]▌]▐[[b;;#AAA]▓▓]▓░
                  [[b;#444;]░][[;#444;#AAA]▓]█[[b;;#AAA]░▒▓█████▓▒]▄ [[b;#444;]▀][[;#444;#AAA]▒░][[;#FFF;#AAA]░]███[[b;;#AAA]░▓█▓▒▓█]▄▀[[b;;#AAA]▒][[;#444;#000]▓▓▀   ][[;#FFF;#000]▄]█▀▄[[b;;#AAA]▓▒░][[;#444;#000]▀]▐
                   [[b;#444;]▓][[;#FFF;#AAA]░]█[[b;;#AAA]▒▓██████▓▒░][[;#444;#000]▄ ▀▀][[;#444;#AAA]▄▄▓][[;#444;#000]▄▀▀]▀[[b;#444;]▀▀]▀[[b;#444;]▀  ▀ ▄ ]▄[[b;;]▀]▀▄[[b;;#AAA]▓▓▒░][[;#444;#AAA]▄]▐▌
                  [[b;#444;]▄ ]▓[[b;;#AAA]▒▒▓█▀▀]▀▀[[b;#444;]▀ ▀]▀▀[[b;#444;]▀▀   ▀▀▓▓▓▄▄▄▀▀ ▀  ]▐[[b;;#AAA]▄▄█▓▓░░][[;#444;#AAA]▄] [[b;;#AAA]▓]
                  [[;#444;]░▄]░[[b;;#AAA]▒▓▓]▀ [[b;#444;]▄]▄[[b;;#AAA]▄][[;;#000]██][[;;#AAA]▄▄▄][[;#444;#AAA]▀][[;#444;#000]▄]         [[;#444;#000]▀▀▒▀▀] [[b;#444;] ]▄[[b;;#AAA]▒██▒░░░]▀ [[b;;]▐▌]
                 [[;#444;]▄ ▀▄]▀[[b;;#AAA]▒]▀ [[b;#444;#AAA]░][[;#FFF;#AAA]░▒▓][[;#FFF;#000]█████][[;#FFF;#AAA]▓▒][[;#444;#AAA]░░][[;#444;#000]▄ ░][[;#FFF;#000] ]     [[;#FFF;#000]   ]░▓[[b;;#AAA]▒█▓▒░][[;#444;#AAA]▄]▀  [[b;;]▐][[;;#AAA]▓]
          [[;#444;]▄▄██▓▓▓▓▒▄ ░]▀[[b;#444;]▄][[;#444;#AAA]░][[;#FFF;#AAA]▒▒▓███████▓▓▒][[;#444;#AAA]▒][[;#444;#000]▌][[;#FFF;#000]    ][[;#444;#000] ▄]▄▄▄  ░▀[[b;;#AAA]▓▒░]▀   [[b;;]▄][[;;#AAA]▓][[;;#000] ][[;#444;#000]▄]
        [[;#444;#000]▄][[;#444;#AAA]░░][[;#FFF;#AAA]▒░][[;#444;#000]▄ ▀▒▒░░  ▄][[;#444;#AAA]░][[;#FFF;#AAA]░▓▓][[;#FFF;#000]██████████][[;#FFF;#AAA]▓][[;#444;#AAA]░][[;#444;#000]▓][[;#FFF;#000] ][[;#444;#000]▄■][[;#FFF;#000]▄][[;#444;#AAA]▀▀][[;#FFF;#AAA]▀]▓░[[b;;]█]▀▄[[b;;#AAA]▓░░][[;#444;#000]▀][[;#FFF;#000] ]▄[[b;;]▄][[;;#AAA]▓▓][[;#444;#000]▀ ]▀[[b;;#AAA]░░]▄[[b;#444;]▄]
       [[b;#444;]▄][[;#444;#AAA]░][[;#FFF;#AAA]▒█▓▒░][[;#FFF;#000]   ][[;#444;#000]░░ ░ ][[;#444;#AAA]░][[;#FFF;#AAA]░▒▓][[;#FFF;#000]████████████][[;#FFF;#AAA]▒][[;#444;#000]▓░░▓][[;#444;#AAA]▓▒▒▓][[;#444;#000] ][[;#444;#AAA]░]█[[b;#444;#AAA]▀] [[b;;#AAA]░]▀▄[[b;;]▄][[;;#AAA]▓▒▒]▀ ▄[[b;;#AAA]░▒][[;;#000] ][[;;#AAA]░▒▒░]
      [[;#444;]▒░]▀[[b;;#AAA]░▓█▓▒░][[;#444;#000]▄]     [[;#444;#000]▐][[;#FFF;#AAA]░▒▓][[;#FFF;#000]█████████████][[;#FFF;#AAA]▓][[;#444;#000]▌][[;#FFF;#000]  ][[;#444;#000]▀][[;#444;#AAA]▓▓][[;#444;#000]▀▄][[;#444;#AAA]▓▓▓]▀▄▄[[b;;]█][[;;#AAA]░░▒]▀ ▄[[b;;#AAA]░▒▒▓][[;;#000]█ ][[;;#AAA]░▓▓░]
      [[;#444;]▓▄ ]▀[[b;;#AAA]▒▓█▓▒░░][[;#444;#000]▄  ░▐][[;#FFF;#AAA]░▓▓][[;#FFF;#000]████████████][[;#FFF;#AAA]▓][[;#444;#AAA]░][[;#444;#000]  ░]        [[b;#444;]▀▀▀][[;#444;#AAA]▒▓▓]▀▄[[b;;#AAA]░░▒▓][[;;#000]█▀][[;#444;#000]▄▌]▀[[b;;#AAA]░▓▒]▌
       ▀[[b;#444;#AAA]▓][[;#444;#000] ][[;#FFF;#AAA]░▒██▓▓▒░][[;#444;#000]▄  ]▐[[b;;#AAA]░▓][[;;#000]████][[;;#AAA]▄█][[;;#000]██████][[;;#AAA]▓][[;#444;#AAA]░][[;#444;#000]▌ ]    [[b;#444;]▄]▄▓▓  [[b;#444;]▄]     [[b;#444;]▀]█[[b;;#AAA]░]█[[b;;]▀▀][[;#444;]▄][[;#444;#AAA]▀▀][[;#FFF;#000] ]▄ ▀[[b;;#AAA]▓░]
        ▀ ▀[[b;;#AAA]░▓███▓░░][[;#444;#AAA]▓][[;#444;#000]░]▐[[b;;#AAA]░▓][[;;#000]███████████][[;;#AAA]▓][[;#444;#AAA]░][[;#444;#000]▌ ▐]▌▄  ▀[[b;;#AAA]░░▒▒▓][[;;#000] ]▄[[b;;]█][[;;#AAA]▓▓]▀  ▀[[b;#444;]▄▀][[;#444;#AAA]▀▀][[;#FFF;#AAA]▒▓░][[;#FFF;#000] ][[;#FFF;#AAA]▄]▄ ▀[[b;;#AAA]▒]
          ▀[[b;;#AAA]░░▓███▓░][[;#444;#AAA]▓][[;#444;#000] ]▐[[b;;#AAA]░▓][[;;#000]██████████][[;;#AAA]░][[;#444;#AAA]░][[;#444;#000]▀ ] [[b;#444;#AAA]▓][[;#444;#000] ][[;#FFF;#AAA]░▒][[;#FFF;#000]█]▄▀[[b;;#AAA]▓▓][[;;#000]▀]▄[[b;;]█][[;;#AAA]▓▒▓]▀[[b;#444;]▄][[;#444;#AAA]▀▀][[;#444;#000] ]▐[[b;;#AAA]░][[;;#000] ][[;;#AAA]▓][[;;#000]███][[;;#AAA]░]▄[[b;;]▀][[;;#AAA]▄][[;;#000] ]▀[[b;;#AAA]▒]
           [[;#444;]▀]▀[[b;;#AAA]░▓██▓░][[;#444;#AAA]▓][[;#444;#000] ][[;#444;#AAA]░][[;#FFF;#AAA]▓▓][[;#FFF;#000]█████████][[;#FFF;#AAA]░]▀ [[b;#444;]▄▄][[;#444;#AAA]▓▒][[;#FFF;#000] ][[;#FFF;#AAA]▒▓][[;#FFF;#000]██]▄  ▄[[b;;#AAA]░▒][[;#444;#AAA]▄]▀ ▄[[b;;#AAA]░▒▓]▌ ▐[[b;;#AAA]░][[;#444;#000]▄][[;#FFF;#000]▀████][[;#FFF;#AAA]░][[;#FFF;#000]█][[;#FFF;#AAA]▄]▄▀
            [[b;#444;]▀]▀[[b;;#AAA]░▓█▓░][[;#444;#000]▌ ][[;#FFF;#AAA]░▓][[;#FFF;#000]█████████][[;#FFF;#AAA]▒]▀ [[b;#444;#AAA]▓░][[;#FFF;#AAA]░▒]▌ [[b;;#AAA]▓][[;;#000]██]▀ ▄[[b;;#AAA]░▒]▀ [[b;#444;]▄]▄[[b;;#AAA]░▒▒▓▓▒]▄ ▀[[b;;#AAA]░▒▓][[;;#000]███████][[;;#AAA]▄]▄
               ▀[[b;;#AAA]░▓░][[;#444;#000]▌▐][[;#FFF;#AAA]░▓][[;#FFF;#000]████████][[;#FFF;#AAA]▓][[;#444;#AAA]░][[;#FFF;#000] ][[;#444;#AAA]▓▒][[;#FFF;#AAA]▒▒▒]▌ [[b;;#AAA]▓]▀ ▄[[b;;#AAA]▒]▀[[b;#444;]▀]  ▀[[b;;#AAA]░░▒▓▓][[;;#000]██][[;;#AAA]▓▒]▄ [[b;#444;]▀][[;#FFF;#AAA]░▒▓][[;#FFF;#000]███████][[;#FFF;#AAA]░]▄
                [[b;#444;]▀][[;#444;#AAA]▄▓][[;#444;#000] ]▐[[b;#444;#AAA]░][[;#FFF;#AAA]▓][[;#FFF;#000]███████][[;#FFF;#AAA]▓][[;#444;#AAA]░]▌[[b;#444;]▐][[;#444;#AAA]░][[;#FFF;#AAA]▒▓▓▒]▌▐[[b;;#AAA]▒][[;;#000] ][[;;#AAA]░▒][[;#444;#000]▀][[;#FFF;#000]▄][[;#444;#AAA]▄▄▄][[;#FFF;#000]▄][[;#444;#000]▀][[;#FFF;#AAA]▒▓][[;#FFF;#000]█████][[;#FFF;#AAA]▓▒]▄ [[b;#444;]▀][[;#FFF;#AAA]░▒▓][[;#FFF;#000]██████][[;#FFF;#AAA]▒░]█
                  [[b;#444;]▀ ]▐[[b;;#AAA]▒▓][[;;#000]██████][[;;#AAA]▓░][[;#444;#AAA]░][[;#FFF;#000] ][[;#444;#AAA]▓][[;#FFF;#AAA]▒▓█▓▓][[;#444;#000]▌]▐▌[[b;#444;]▐][[;#FFF;]█]▌▐[[b;#444;#AAA]▀]▄[[b;;#AAA]▄]▀[[b;;#AAA]█]▌▐[[b;;#AAA]▓][[;;#000]██████][[;;#AAA]▓▒▒]▄ [[b;;#AAA]░▒▓][[;;#000]█████][[;;#AAA]▓▒░][[;#444;#AAA]▀]
                    [[;#444;#AAA]░][[;#FFF;#AAA]▒▓][[;#FFF;#000]████][[;#FFF;#AAA]▓░░]▀[[;#000;]  ][[b;#444;#AAA]▒][[;#FFF;#AAA]▒███▓][[;#000;] ][[b;#FFF;#AAA]░]▌[[b;#444;]▐][[;#FFF;]█][[;#FFF;#AAA]▌][[;#444;#000]▄]▀[[b;;#AAA]▀▀▀]▀[[b;#444;]▄█][[;#FFF;]█████████][[;#FFF;#AAA]▓▒]▌[[;#000;] ][[b;#FFF;#AAA]░▒▓][[;#FFF;#000]█████][[;#FFF;#AAA]▓░░][[;#444;#000]▄]
                   [[;#444;#000]▐][[;#444;#AAA]░][[;#FFF;#AAA]▒▓][[;#FFF;#000]███][[;#FFF;#AAA]▒]▀[[b;#444;]▄▄▄▄][[;#000;] ][[b;#444;]▀][[;#FFF;#AAA]▓▓██▓][[;#000;] ][[b;#FFF;#AAA]▒]▌[[b;#444;]▐][[;#FFF;]█][[;#FFF;#AAA]▌][[;#444;#000]░▄]▄[[b;#444;]▄▄▄][[;#444;#AAA]▀][[;#FFF;#000]███████████][[;#FFF;#AAA]▓▒][[;#444;#000]▄][[;#000;] ][[b;#FFF;#AAA]░▒][[;#FFF;#000]█████][[;#444;#AAA]░][[;#FFF;#AAA]░][[;#444;#AAA]░][[;#444;#000]▌]
                   [[;#444;#000]▐][[;#444;#AAA]░][[;#FFF;#AAA]▒▓][[;#FFF;#000]██][[;#FFF;#AAA]▓]▌[[b;#444;]▐][[;#444;#AAA]▓▓▓▓▓][[;#444;#000]▄][[;#000;] ][[;#AAA;]▀][[b;#FFF;#AAA]▓█▓][[;#000;] ][[b;#FFF;#AAA]▓]▌[[b;#444;]▐][[;#FFF;]██]▌▐[[b;;#AAA]▓▓▓][[;;#000]███][[;#444;#AAA]▄]▀[[b;#444;]▀][[;#000;]  ][[b;#444;]▀]▀▀▀[[b;#444;#AAA]▄▄▄▄▄][[;#000;] ][[b;#FFF;#AAA]░▒▓▓▓][[;#444;#AAA]░░▒▓][[;#444;#000]▄]
                   [[;#444;#000]▐][[;#444;#AAA]░][[;#FFF;#AAA]▒▓][[;#FFF;#000]██][[;#FFF;#AAA]▓][[;#FFF;#000] ][[;#444;#AAA]▓▓▒▒▒▓▓▓][[;#000;] ][[;#AAA;]▀][[b;#FFF;#AAA]▓▓][[;#000;] ][[b;#FFF;#AAA]▓][[;#FFF;#000]█][[;#000;] ][[b;#444;#AAA]▌▄▄][[;#000;] ][[b;#444;#AAA]▄▄▄]▀▀[[b;#444;]▀]                [[b;#444;]▀▀▀][[;#444;#AAA]░░][[;#444;#000]█▄▄]
                   [[;#444;#000]▐][[;#444;#AAA]░][[;#FFF;#AAA]▒▓][[;#FFF;#000]██][[;#FFF;#AAA]▓][[;#FFF;#000] ][[;#444;#AAA]▓▒░░░░▒▓▓][[;#000;]  ][[;#AAA;]▀][[;#000;] ][[;#AAA;]▀]
                   [[b;#444;]▐][[;#444;#AAA]░][[;#FFF;#AAA]▒▓][[;#FFF;#000]█][[;#FFF;#AAA]▓▒][[;#FFF;#000] ][[;#444;#AAA]▒░][[;#FFF;#AAA]░░░░][[;#444;#AAA]░░▓▓]░░
                    [[b;#444;#AAA]░][[;#FFF;#AAA]▒▓▓▒][[;#444;#AAA]░][[;#444;#000] ][[;#444;#AAA]░][[;#FFF;#AAA]░▓][[;#FFF;#000]██][[;#FFF;#AAA]▒░░][[;#444;#AAA]░]▀[[b;#444;]▀]
                    ▐[[b;;#AAA]░▓▒][[;#444;#AAA]░][[;#444;#000] ][[;#444;#AAA]░][[;#FFF;#AAA]▒▓][[;#FFF;#000]████][[;#FFF;#AAA]▓][[;#444;#AAA]▄][[;#444;#000]▀]
                    [[b;#444;]▐][[;#FFF;#AAA]░▒][[;#444;#AAA]░][[;#444;#000] ][[;#444;#AAA]░][[;#FFF;#AAA]▒▓][[;#FFF;#000]██][[;#FFF;#AAA]▓▒][[;#444;#AAA]▄][[;#444;#000]▀]
                     [[b;#444;#AAA]░░][[;#444;#000] ][[;#444;#AAA]░][[;#FFF;#AAA]▒▓][[;#FFF;#000]█][[;#FFF;#AAA]▓][[;#444;#AAA]▄][[;#444;#000]▀]
                      [[b;#444;#AAA]░][[;#444;#000] ][[;#FFF;#AAA]▒▓▓][[;#444;#AAA]▄][[;#444;#000]▀]
                       [[b;#444;]▀][[;#FFF;#AAA]▓][[;#444;#AAA]▄][[;#444;#000]▀]    [[b;;] ][[;#000;]  ][[;#AAA;]▄][[b;#444;]▀ ▄▄▄▓█][[;#444;#AAA]▓][[;#444;#000]▀▀][[;#444;#AAA]▓][[;#444;#000]▄ FUEL!   ]▄[[b;#444;#AAA]▒][[;#444;#000]▄]
                                [[b;#444;]   ▀]▀▀▐[[b;#444;#AAA]░][[;#444;#000]▀   ]▐[[b;;#AAA]░][[;#444;#000]▀]        [[;#444;#AAA]▐][[;#444;#000]▌ ][[;#444;#AAA]▓][[;#444;#000]▌]
                                      [[;#444;#AAA]░][[;#444;#000]▌ ░  ]▀    ▄[[b;#444;#AAA]▓▀][[;#444;#000]▄ ]▐[[b;#444;#AAA]▓][[;#444;#000]░]▐[[b;;#AAA]░][[;#444;#000]▌]
                                     ▄[[b;;#AAA]░][[;#444;#AAA]▀]▄[[b;#444;]▄][[;#444;#AAA]▐][[;#444;#000]▌ ]▐[[b;;#AAA]░][[;;#000] ][[;#444;#AAA]▐][[;#444;#000]▌ ]▐[[b;#444;#AAA]▓][[;#444;#000] ][[;#444;#AAA]▐][[;#444;#000]▌]▄[[b;#444;#AAA]▒][[;#444;#000]▀]
                                [[b;#444;]  ]▄[[b;#444;#AAA]▄][[;#444;#000]▀]▐[[b;#444;#AAA]▓][[;#444;#000] ]░▐[[b;#444;#AAA]▓][[;#444;#000]░ ][[;#444;#AAA]▐][[;#444;#000]▌]▐[[b;#444;#AAA]░]▄[[b;#444;]▄][[;#444;#AAA]▄][[;#444;#000]▌]▐[[b;;#AAA]░][[;#444;#AAA]▄][[;#444;#000]▀]
                                [[b;#444;] ]▐[[b;#444;#AAA]▓][[;#444;#000]░ ][[;#444;#AAA]▐][[;#444;#000]▌  ][[;#444;#AAA]░▀]▄[[b;#444;#AAA]▄][[;#444;#000]▀]░[[b;#444;#AAA]░][[;#FFF;#AAA]░]▄[[b;#444;]▄ ▀][[;#444;#AAA]░][[;#444;#000]▌ ▄░]▀
                                [[;#AAA;] ][[b;#444;#AAA]░][[;#444;#000]▌]▄[[b;#444;#AAA]▄][[;#444;#000]▀    ]▀[[b;#444;]▀    ▀▀    ]▀[[b;#444;]▀]
                                [[b;#444;]  ]▀[[b;#444;]▀]
[[b;#444;]SAUCE00marble                             Necrofiliac         fuel                20180923;+][[b;#444;]P][[b;#444;]H][[b;#444;]IBM VGA]"
`;

exports[`Terminal utils $.terminal.from_ansi should render ANSI art 2`] = `
"


[[b;#444;#000]░░░░░░░░░░░░░░░░░░░░░░░░░░░░░░░░░░▄▄▄ ▄▄▄ ▒▒▒▒░░░░░░░░░░░░░░░░░░░░░░░░░░░░░░░░░]
[[b;#444;#000]░░░░░░░░░░░░░░░░░░░░░░░░░░░░░░░░░░░░ ▒▄▀▐ ▒▒▒▒░░░░░░░░░░░░░░░░░░░░░░░░░░░░░░░░░]
[[b;#444;#000]▒▒▒▒▒▒▒▒▒▒▒▒▒▒▒▒▒▒▒▒▒▒▒▒▒▒▒▒▒▒▒▒▒▒▒▒▒▄▄▒▒ ░░░░░▒▒▒▒▒▒▒▒▒▒▒▒▒▒▒▒▒▒▒▒▒▒▒▒▒▒▒▒▒▒▒▒]
[[b;#444;#000]▒▒▒▒▒▒▒▒▒▐▒▒▒▒▒▒▒▒▒▒▒▒▒▒▒▒▒▒▒▒▒▒▒▒▒▒▒▒▒▒▒ ░░░░░▒▒▒▒▒▒▒▒▒▒▒▒▒▒▒▒▒▒▒▒▒▒▒▒▒▒▒▒▒▒▒▒]
[[b;#444;#000]▓▓▓▓▓▓▓▓▀ ▓▓▓▓▓▓▓▓▓▓▓▓▓▓▓▓▓▓▓▓▓▓▓▓▓▓▓▓▓▓▒ ░   ░▓▓▓▓▓▓▓▓▓▓▓▓▓▓▓▓▓▓▓▓▓▓▓▓▓▓▓▓▓▓▓▓]
[[b;#444;#000]▓▓▓▓▓▓▓▌▐█ ▓▓▓▓▓▓▓▓▓▓▓▓▓▓▓▓▓▓▓▓▓▓▓▓▓▓▓▓▓▒]     [[b;#444;#000]░▓▓▓▓▓▓▓▓▓▓▓▓▓▓▓▓▓▓▓▓▓▓▓▓▓▓▓▓▓▓▀]
[[b;#444;#000]▓▓▓▓▓▓▓ █▐▌▐▓▓▓▓▓▓▓▓▓▓▓▓▓▓▓▓▓▓▓▓▓▓▓▓▓▓▓▓░]      [[b;#444;#000]▓▓▓▓▓▓▓▓▓▓▓▓▓▓▓▓▓▓▓▓▓▓▓▓▓▓▓▓▓▌▐▌]
[[b;#444;#000]▓▓▓▓▓▓▌▐▌▌█ ▓▓▓▓▓▓▓▓▓▓▓▓▓▓▓▓▓▓▓▓▓▓▓▓▓▀▀ ░]       [[b;#444;#000]▀▀▓▓▓▓▓▓▓▓▓▓▓▓▓▓▓▓▓▓▓▓▓▓▓▓▓▓ █]
[[b;#444;#000]▓▓▓▓▓▓ ██▒▐▌▐▓▓▓▓▓▓▓▓▓▓▓▒▒▒▒▒▒▒▒▒▀▀ ▄▄▀ ░]       [[b;#444;#000]▀▄▄ ▀▀▒▒▒▒▒▒▓▓▓▓▓▓▓▓▓▓▓▓▓▓▓▌▐▌▌]
[[b;#444;#000]▓▓▓▓▓▌▐█▀▀ █ ▓▓▓▓▓▒▒▒▒▒▒▒▒▒▒▒▒▀ ▄▄▀▀    ░]          [[b;#444;#000]▀▀▄▄ ▀▒▒▒▒▒▒▒▒▒▒▓▓▓▓▓▓▓▓ █▐░]
[[b;#444;#000]▒▒▒▒▒  ▀▀▀▀▀ ▐▒▒▒▒▒▒▒▒▒▒▒▒▀▀ ▄▄▀]               [[b;#444;#000]▀▄▄]     [[b;#444;#000]▀▄▄ ▀▀▒▒▒▒▒▒▒▒▒▒▒▒▒▌▐▓▄▄]
[[b;#444;#000]▒▒▒▒▒▐▀▀▀▀▀▀▀▌▒▒▒▒▒▒▒▒ ][[;#A50;]▄][[;#AAA;]▄▄ ][[b;#444;]▀▀]                     [[b;#444;]▀▀▄▄    ▀▀▄▄ ▀▀▒▒▒▒▒▒▒▒▒  ▀▀▀]
[[b;#444;]░░░░░▌▓▀▀▀▀▀▐▄░░░░░   ][[;#A50;]▐▓][[;#AAA;#A50]░▒][[;#AAA;#000]▌]                           [[b;#444;#000]▀▄▄]     [[b;#444;#000]▀▀▄▄  ░░░░░░▄▀▀▀▀]
[[b;#444;#000]░░░░░░▐▓▓▀ ▀▓▐░░   ▄▀▀ ][[;#A50;]▀▀][[;#AAA;]▌]                               [[b;#444;]▀▀▄▄]     [[b;#444;]▀▄▄   ░░▌▓▀▀▀]
[[b;#444;]░░░░░░▐▒░   ▐▐  ▄▀▀    ][[;#A50;]▐▓][[;#AAA;]▌   ][[b;#444;]░]         [[b;#444;]▄▒  ▀▀ ▀▄▄]            [[b;#444;]▀▀▄▄    ▀▀▄  ░▐▓▓▀]
[[b;#444;]▒▒▒▒▒▒▐░]      [[b;#444;]▀▀]       [[;#A50;]▐▓][[;#AAA;]▌ ][[b;#444;]░░]       [[b;#444;]▄▀    ▐▐▄▌   ▀▀▄]             [[b;#444;]▀▄▄    ▀▀▄▐▒░]
[[b;#444;]▒▒▒▒▒▒▐]          [[b;#444;]▄▒    ][[;#A50;]▐▐▌ ][[b;#444;]░]     [[b;#444;]▄░  ▄░    ▄▄▄  ▐▀  ▀▄]              [[b;#444;]▀▀▄    ▐▒▓▓]
[[b;#444;]▒▒▒▀ ▄▐]       [[b;#444;]▄▒░░░░░   ][[;#A50;]▐][[;#AAA;#A50]░][[;#A50;#000] ][[b;#444;#000]░    ▄░ ▄   ▄ ▀ ▐▌ ▀▀▄  ▄  ▓]                [[b;#444;#000]▀▀▄ ▌░▒▓]
[[b;#444;#000]▀ ▄▄▓▀]      [[b;#444;#000]▄▀░░░░░░░░  ][[;#A50;]▒][[;#AAA;#A50]░]      [[b;#444;#000]░ ▄▐▀ ░    ▐▌    █ ▄▀  ▓]                [[b;#444;#000]▄░ ▐░▒▓]
[[b;#444;#000]█▀▀    ]▄▄[[;#A50;]▄]              [[;#A50;]▓][[;#AAA;#A50]▐]          [[b;#444;#000]▀  ][[;#A50;]▄][[;#AAA;]▄▄  ][[b;#444;]▌    ▐▌    ▐▌]               [[b;#444;]▐▓ ▐░░▒]
      ▐[[;;#A50]░][[;#A50;#000]▓▀▌▀▓▓█][[;#AAA;#A50]░░▀▀▀▀▀▀][[;#A50;#000]███▒▓▓█][[;#AAA;#A50]▀▀░▀▀▀▀░][[;#A50;#000]▐][[;#AAA;#A50]░][[;#A50;#000]▓░][[;#AAA;#000]▌  ][[b;#444;#000]▀▀▀▀▀▌ ▀▀ ▐▌]                [[b;#444;#000]▓   ░░]
[[b;#444;#000]    ▄  ][[;#A50;]▀░▀]              [[;#A50;]▐][[;#AAA;#A50]░]             [[;#A50;#000]▀▀   ][[b;#444;#000]▌    █ ▄▀  ▓]                 [[b;#444;#000]▒    ░]
[[b;#444;#000] ▄▄▓░]     [[b;#444;#000]░░░░░░░░░░░   ][[;#A50;]▓][[;#AAA;#A50]░]      [[b;#444;#000]░  ▀▀▒ ▀▄▄ ▐▌ ▄▄▀   ▀ ▐▌]                 [[b;#444;#000]░    ░]
[[b;#444;#000]▒▒░░░   ░░░░░░░░   ░░░  ][[;#A50;]▓][[;#AAA;#A50]░]       [[b;#444;#000]░  ▀  ▄▄ ▀▀▀▀  ▐▀▄  ▄▀]                  [[b;#444;#000]░    ░]
[[b;#444;#000]░░░░░   ░░░░░░  ▄▓▄  ░  ][[;#A50;]▓][[;#AAA;#A50]░][[;#A50;#000] ][[b;#444;#000]▒▄]      [[b;#444;#000]▄  ▀▌▐  ▐▀▌  ▀  ▄▀]      [[b;#444;#000]▄▓▄]      [[b;#444;#000]▄▓▄]
[[b;#444;#000]  ░░░ ░ ░░░░░  █▀▄▀▒  ░ ][[;#A50;]▐][[;#AAA;#A50]░][[;#A50;#000] ][[b;#444;#000]▄▀█]       [[b;#444;#000]░ ▄]     [[b;#444;#000]▀  ▄▒▀]       [[b;#444;#000]█▀▄▀▒    █▀▄▀▒]
[[b;#444;#000]    ░ ▒ ░░░░░ ▐▓▀ ▀▓▌ ░ ][[;#A50;]▐][[;#AAA;#A50]░][[;#A50;#000]  ][[b;#444;#000]▀▓▌ ░]         [[b;#444;#000]▀ ▀▀▀]          [[b;#444;#000]▐▓▀ ▀▓▌  ▐▓▀ ▀▓▌]     [[b;#444;#000]░]
[[b;#444;#000]    ░ ▒ ░░░░░ ▐▌░  ▐▌ ░ ][[;#A50;]▐][[;#AAA;#A50]▒][[;#A50;#000]▌  ][[b;#444;#000]▐▌ ░░░░░]                    [[b;#444;#000]▐▌   ▐▌  ▐▌   ▐▌]     [[b;#444;#000]░]
      [[b;#444;#000]▒ ░░░░░ ▐▌░  ▒▌ ░ ][[;#A50;]▐][[;#AAA;#A50]░][[;#A50;#000]▌][[b;#444;#000]░ ░▌ ░░░░░░░░░  ▄▄]            [[b;#444;#000]▐▌░   ▌  ▐▌░  ▐▌]
      [[b;#444;#000]▒ ░░░░░ ▐▌░  ░▌ ░ ][[;#A50;]▐█▌][[b;#444;]░]     [[b;#444;]░░░░]     [[b;#444;]▀  ▀▄]          [[b;#444;]▐▌░   ▌  ▐▌░  ░▌]
      [[b;#444;]▒ ░░░░░ ▐▌░   ▌ ░ ][[;#A50;]▐][[;#AAA;#A50]░][[;#A50;#000]▌][[b;#444;#000]░  ][[;;#A50]░][[;;#000]▄]     [[b;#444;#000]▄▓▄]       [[b;#444;#000]░ ░░]      [[b;#444;#000]▐▌░]      [[b;#444;#000]▐▌░   ▌]
      [[b;#444;#000]░ ░░░░░ ▐▌░]     [[b;#444;#000]░ ][[;#A50;]▐][[;#AAA;#A50]░][[;#A50;#000]▌][[b;#444;#000]░  ][[;#A50;]▐▐][[;#AAA;#A50]░][[;#A50;#000]  ][[b;#444;#000]▄▀][[;#A50;]▄][[;#AAA;]▄ ][[b;#444;]▒▄]         [[b;#444;]░░    ▐▌░]     [[b;#444;]▐▐▌]
      [[b;#444;]░ ░░░░░░▐▌▒]     [[b;#444;]░  ][[;;#A50]░][[;#A50;#000]▌    ▌▐][[;#AAA;#A50]▒][[;#AAA;#000] ][[;#A50;#000]▄▀ ][[;#AAA;#A50]░][[;#AAA;#000]▌ ][[b;#444;#000]▓▌  ][[;#A50;]▄▄][[;#AAA;]▄][[;#AAA;#A50]░][[;#AAA;#000]▌   ][[b;#444;#000]▄▄▌ ▐▌▒]     [[b;#444;#000]▐▐]
[[b;#444;#000]   ░  ░ ░░░░░▐▐▓▀]     [[b;#444;#000]░░ ][[;;#A50]░][[;#A50;#000]█ ][[b;#444;#000]░░ ][[;#A50;]▐ ][[;#AAA;#A50]▐][[;#A50;#000]▐▌▐▄▐][[;#AAA;#A50]▒][[b;#444;#000] ░ ][[;#A50;]▓▀▀ ▄▌][[;#AAA;#A50]░][[;#AAA;#000] ][[b;#444;#000]▐][[;#444;#A50]▓][[;#444;#000]░▀  ▐▌]
[[;#444;#000]   ░  ░ ░░░░░]          [[;#444;#000]░ ][[;;#A50]░][[;#A50;#000]█ ][[b;#444;#000]░░  ][[;#A50;]▓▒▄▀▄▀▄][[;#AAA;]▌ ][[b;#444;]▀▌][[;#A50;]▐▌▄▀][[b;#FF5;#A50]░] ▐▌[[b;#444;]▀ ]▄[[;;#A50]░][[;;#000]  ][[b;#444;#000]▐░]
[[b;#444;#000]░░░░  ░ ░░░░░░░░░░░░░░░░ ][[;;#A50]▐░][[;;#000] ][[b;#444;#000]░░  ][[;#A50;]▄▀▀][[b;#FF5;#A50]░][[;#A50;]▄█▐▀▀▄▄▒▄▄▌▀▐][[;#AAA;]▌][[;#A50;]▄▀][[;#AAA;#A50]░][[;#A50;#000]▀  ][[b;#444;#000]░]
[[b;#444;#000]▒░░░  ░ ░░░░░░░░░░░░░░░░ ][[;#A50;]▐][[;#AAA;#A50]▌][[;#AAA;#000] ][[b;#444;#000]░ ][[;#A50;]▄▀][[;#AAA;#A50]░][[;#A50;#000]▀█▄ ▀▀▀▀▄][[;#AAA;#A50]░][[;#A50;#000]█▄▐█▀▀][[;#AAA;#A50]░][[;#A50;#000]▄▀  ][[b;#444;#000]░░░░░]
[[b;#444;#000] ▀▓░    ░░░░░░░░░░░░░░░░░][[;#A50;]▐][[;#AAA;#A50]▌][[;#AAA;#000]  ][[;#A50;#000]▐ ][[;#AAA;#A50]▒][[;#A50;#000]▌█▀][[;#AAA;#A50]░][[;#A50;#000]▓▓▀▀][[;#AAA;#A50]░][[;#A50;#000]▄▄▄▄ ▀▀▀▀  ][[b;#444;#000]░░░░░░░░░░░░░░]         [[b;#444;#000]▌]
[[b;#444;#000]█▄ ▓  ░ ░░░░░░░░░░░░░░░░░][[;#A50;]▐][[;#AAA;#A50]▌][[;#AAA;#000]  ][[;#A50;#000]▌][[;#AAA;#000]▐][[;#A50;#000]█▐]         [[;#A50;#000]▀▀▀▀█][[;#AAA;#A50]░▒][[;#A50;#000]▌▌  ][[b;#444;#000]░░░░░░░░░░░░░░░░░░░░░ ▌]
[[b;#444;#000]▄▀█]     [[b;#444;#000]░░░░░░░░░░░░░░░░░][[;#A50;]▐][[;#AAA;#A50]▒][[;#A50;#000]▌▐▄][[;#AAA;#A50]░][[;#A50;#000]▄▀▐░ ░▄▒▓][[b;#444;#A50]░░][[;#A50;]█▄▄  ▄ ▄█  ][[b;#444;]░░░░░░░░░░░░░░░░░░░░░ ▌]
[[b;#444;] █▐▌    ░░░░░░░░░░░░░░░░░][[;#A50;]▐][[;#AAA;#A50]░][[;#A50;#000]▌][[;#AAA;#A50]░][[;#A50;#000]▀▀ ][[b;#444;#000]░   ][[;#A50;]▀▀▓][[b;#444;#A50]░░][[;#A50;]██][[;#AAA;#A50]░▒▄][[;#A50;#000]▌ ░ ▌ ][[b;#444;#000]░░░░░░░░░░░░░░░░░░░░░░ ▌]
[[b;#444;#000] ▐▌█    ░░░░░░░░   ░░░░░░][[;#A50;]▐][[;#AAA;#A50]░][[;#A50;#000]▌▌]     [[;#A50;#000]░▓▄▀ ▄███][[b;#444;#A50]░][[;#A50;]▀█▓  ▐ ][[b;#444;]░░░░░░░░   ░░░░░░   ░░░ ▌]
[[b;#444;] ▐▌▓  ░ ░░░░░░  ▄▓▄  ░░   ][[;;#A50]░][[;#A50;#000]▌▐ ][[b;#444;#000]▄░  ][[;#A50;]▒▓█][[b;#444;#A50]░][[;#A50;]▄][[b;#444;]▄▄][[;;#A50]░][[;#A50;#000]▌▀▀░   ▌]         [[b;#444;#000]▄▓▄  ░░  ▄▒▄  ░ ▌]
[[b;#444;#000] ▐▌▓  ░ ░░░░░░ █▀▄▀▓ ░  ][[;#A50;]░ ][[;#AAA;#A50]░][[;#A50;#000]▌▀ ▐][[b;#444;#000]▀ ][[;#A50;]▐▓██][[;#AAA;#A50]░][[b;#444;#A50]▒][[;#A50;]▀▐][[;#AAA;#A50]▒][[;#A50;#000]▐][[b;#444;#A50]▀][[;;#A50]░][[;;#000]▌  ][[;#A50;#000]▐ ▄▄][[b;#FF5;#A50]░][[;#A50;]█][[;#AAA;#A50]░][[;#A50;#000]▀██▄▄ ][[b;#444;#000]▀▓  ░ █▀▄▀▒ ░ ▌]
[[b;#444;#000] ▐▌▓  ░ ░░░░░ ▐▓▀ ▀▒▌  ][[;#A50;]▒▓ ][[;#AAA;#A50]▐][[;#A50;#000]█]     [[;#A50;#000]░▓▓█][[b;#444;#A50]░][[;#A50;]▄▌▀▀▄][[;#AAA;#A50]░][[;#AAA;#000]▀ ][[b;#444;#000]▐ ][[;#A50;]▌▀▌▀ ▀▐▓][[;#AAA;#A50]▒][[;#A50;#000]▀▄][[b;#FF5;#A50]░][[;;#A50]░][[;#A50;#000] ][[b;#444;#000]▐▌  ▐▓▀ ▀▓▌  ▌]
[[b;#444;#000]  ▌▒  ░ ░░░░░ ▐▌▒  ▐▌▐][[;;#A50]░][[;#A50;#000]▀▄ ][[;#AAA;#A50]▐][[;#A50;#000]█ ░    ][[b;#444;#000]░][[;#A50;]▒▓][[b;#444;#A50]░][[;#A50;]▄▄][[b;#444;]▄][[;#A50;]▐][[b;#444;#A50]░][[;#A50;]▀  ][[b;#444;]▒ ][[;#A50;]▌░▓█][[;#AAA;#A50]░][[;#A50;#000]▄▀ ▐█▄▀▀▌ ][[b;#444;#000]▌  ▐▌   ▐▌  ▌]
[[b;#444;#000]  ▌▒  ▒ ░░░░░ ▐▌░   ][[;#A50;]▄▀░▓▌ ][[;#AAA;#A50]▒░]        [[;#A50;#000]▀▓][[;#AAA;#A50]░][[;#AAA;#000]▄][[;#A50;#000]▄▀   ][[b;#444;#000]░▌  ][[;#A50;]▄ ][[b;#444;]▀][[;#A50;]█][[b;#444;#A50]░][[;#A50;]▓░▀][[b;#444;]▄][[;#444;#A50]▒░][[;#A50;]▄▐ ][[b;#444;]▌  ▐▌░  ▐▌  ▌]
[[b;#444;]  ▌▒  ▒ ░░░░░ ▐▌  ][[;#A50;]▄▀ ░▓▀  ][[;#AAA;#A50]░][[b;#444;#A50]░]    [[;#A50;]░]     [[;#A50;]▀▀]     [[b;#444;]▐  ][[;#A50;]▐][[;#AAA;#A50]░][[;#A50;#000]▓][[;#AAA;#A50]▄░][[;#A50;#000]██▒▄ ][[b;#444;#000]▀][[;#A50;]░▀▌ ][[b;#444;]▌  ▐▌    ▌  ▌]
[[b;#444;]  ▌▐  ▓ ░░░░░ ▐  ]▀▄[[;#A50;]▄][[;#AAA;]▀][[;#A50;]▀    ][[b;#444;#A50]░][[;#444;#000]▀    ][[;#A50;]░░][[b;#444;]░ ░░   ░  ░   ▀][[;#444;#A50]▌][[;;#A50]▒░][[;#A50;#000]█▓▓█▌▄ ▐░ ][[b;#444;#000]▐▌  ▐▒░   ▌  ▌]
[[b;#444;#000]   ▐  ▓ ░░░▒░  ]▄▀▀   [[;#A50;]▄▌ ▄▌][[b;#444;]▄ ][[;#A50;]▄  ░▓░░][[b;#444;]░ ░  ░][[;#444;#A50]░][[;;#A50]░][[b;#444;#000]░ ][[;#A50;]█    ▄█▓▓░ ▀ ░▀  ][[b;#444;]▓▌  ▐░░   ▌  ▌]
[[b;#444;]   ▐  ▐    ▀  ]▀▄▄[[;;#A50]▓░][[;#A50;#000]▌▀░ ▐▄ ][[b;#444;#A50]▓][[;#444;#000]▌ ][[;#A50;]▀▌ ▀▓▒][[b;#444;]░░  ][[;#A50;]░▒][[;#AAA;#A50]░][[;#AAA;#000] ][[;#A50;#000]▄▄][[;#AAA;#A50]▒][[;#A50;#000]▀▀   ▀][[b;#444;#000]▀  ][[;#A50;]▄▄▌    ][[b;#444;]░▌ ▐▐ ░   ▌  ▌]
[[b;#444;]   ▐  ▓▌▄▄▄  ]█[[;;#A50]▓░][[b;#FF5;#A50]░░░][[;#A50;]██▄▄▄  ][[b;#444;#A50]░▓] [[;#A50;]░][[;#AAA;#A50]░][[;#AAA;#000] ][[;#A50;#000]▄▄▀▀  ▀▀░▄▄  ][[;#AAA;#A50]░][[;#AAA;#000] ][[b;#444;#000]▀░   ░][[;#A50;]▄▌▀ ▄][[;#AAA;#A50]░][[;#A50;#000]▌][[;#AAA;#000]▄▄   ][[b;#444;#000]▐▐ ░]      [[b;#444;#000]▌]
      [[b;#444;#000]▐▓▀▀ ]▄[[;;#A50]▓░░][[b;#FF5;#A50]░░][[;#A50;]█][[b;#444;#A50]░░░░][[;#A50;]▓▓▓▌][[;#AAA;#A50]░][[b;#444;#A50]░] [[;#A50;]▓▌][[;#AAA;#A50]░][[;#AAA;#000]▄  ][[;#A50;#000]▀ ▀▀▀▀ ▄ ▄█][[;#AAA;#A50]░][[;#A50;#000]▄  ][[b;#444;#000]▒ ][[;#A50;]▀▀ ▄▀▀▄][[b;#444;#A50]░][[;#A50;]█][[;#AAA;#A50]▀▓][[;#AAA;#000]▄▄]          [[b;#444;#000]▌]
      [[b;#444;#000]▒   ]▐[[;;#A50]░░][[;#A50;#000]█][[b;#FF5;#A50]░][[;#A50;]█][[b;#444;#A50]░░░░][[;#A50;]▓][[b;#444;#A50]▄][[;#444;#000]▀][[;#A50;]▄▄ ][[;#AAA;#A50]▐][[;#A50;#000]█  ░▀][[;#AAA;#A50]░▓][[;#AAA;#000]▄][[;#A50;#000]▀▄▀▓][[;#AAA;#A50]▒░][[;#A50;#000]▀ ▄ ][[;#AAA;#000]▄][[;#A50;#000]▀][[;#AAA;#A50]░][[b;#FF5;#A50]░][[;#A50;] ][[b;#444;]▐▓▄][[;#444;#A50]▓][[;#444;#000]▄▄][[;#444;#A50]▓▒][[;#A50;]▓▀▓][[b;#FF5;#A50]░][[;;#A50]░▓][[b;;#AAA]░]▌       [[b;#444;]▐ ▌]
[[b;#444;]   ▄  ▒  ]▐[[;;#A50]░][[b;#444;#A50]░░░░░░][[;#A50;]▒▒▒▓][[b;#444;]▌][[;#A50;]▀][[b;#444;#A50]░][[;;#A50]░][[;#A50;#000]▀▐][[;#AAA;#A50]░][[;#A50;#000]▐▄   ░][[;#AAA;#A50]░▓][[;#A50;#000]▐][[;#AAA;#A50]░][[;#A50;#000]▐▓▓▌▐▓][[;#AAA;#A50]░][[;#A50;#000]▄][[;#AAA;#A50]▒][[;#AAA;#000]▄][[;#A50;#000]▀   ][[b;#444;#000]▀▄][[;#444;#A50]▓░][[;#A50;]▀▐ ][[b;#444;]▄][[;#444;#A50]░][[;#A50;]▓][[b;#FF5;#A50]░][[;;#A50]░▓][[;;#000]█]       [[b;#444;#000]▐ ▌]
[[b;#444;#000] ░░▒  ▒  ][[;;#A50]░][[b;#FF5;#A50]░][[;#444;#A50]░░░][[;#A50;]▒▒░░▒▒▒▓][[b;#444;#A50]▀▓░][[;#A50;]▓▐][[;#AAA;#A50]░][[;#A50;#000]▌█▓░  ▀░▐▓][[b;#444;#000]▐][[;#A50;]▀░][[b;#444;]░ ][[;#A50;]▀▀▒▓][[;#AAA;#A50]░][[;#A50;#000]█▄ ][[b;#444;#000]▀▀    ]▄[[;#A50;]▄ ][[b;#444;]▀][[;#444;#A50]░][[;#FF5;#A50]░][[;;#A50]░][[;;#000]▌][[;;#A50]░]       [[b;#444;#000]▒ ▌]
[[b;#444;#000]   ▒  ░ ][[;#A50;]▐][[b;#FF5;#A50]░▒][[;#444;#A50]░][[;#A50;]▒░░░▒▒▓▓█▀][[b;#444;#A50]░][[;#FF5;#A50]░][[;#A50;]▀ ▐][[;#AAA;#A50]░][[;#A50;#000]▌▓░  ▄ ▄▌░ ][[b;#444;#000]░]        [[;#A50;]▀ ▄][[;#AAA;#A50]░][[;#A50;#000]▄▀][[b;#FF5;#A50]░][[;;#A50]▀▀▒░░][[;#A50;#000]██][[;#AAA;#A50]░▒][[;#A50;#000]▐▌][[b;#444;#000]▄▀▄ ▄▀▄▓ ▌]
[[b;#444;#000]   ░  ░ ][[;#A50;]▐][[b;#FF5;#A50]░][[;#A50;]▒░░░░▒▓▓▒▀▄][[b;#FF5;#A50]░][[;#A50;]▀ ][[b;#444;]░░]▄▄[[;#A50;]▄▄][[;#AAA;]▄▄  ][[;#A50;]▀]     [[;#A50;]▄▄▄][[b;#444;#A50]░▒][[;#444;#000]▄▄▄   ]▀[[;;#A50]▒][[;#A50;#000]▌▀▄][[b;#444;#000]▄░ ][[;#A50;]▀][[b;#444;#A50]░▓][[;#A50;]▀░][[;#AAA;#A50]░][[;#AAA;#000]    ][[b;#444;#000]▀   ▓ ▌]
[[b;#444;#000]   ░  ░ ][[;#A50;]▓][[b;#444;#A50]░][[;#A50;]░░░░▒▓▀▄▓▒▀ ][[;#AAA;]▄▄][[;#AAA;#A50]▓▒░][[b;#FF5;#A50]░][[;#A50;]▄▄][[;#AAA;]▄][[;#A50;]▀▌  ░░▄▐][[b;#444;#A50]▒][[;#444;#000]▌]▀[[;;#A50]▒][[;;#000]▄][[b;#444;#000]▄▄░]▄[[;#A50;]▄▄][[b;#444;#AAA]▀]▄▄[[b;#444;]▄   ▀▀▀▓░ ]▀[[;;#A50]▓][[;;#000] ][[b;#444;#000]▀▀▀▀▀▀▀▀ ▌]
       [[;#A50;]▐▒░ ░░▒▓▄▓▀ ▄][[;#AAA;#A50]░▒▓▒░░░][[;#A50;#000]▓▄][[;#AAA;#000]▄▄][[;#A50;#000]▀ ▌░▒▀ ][[b;#444;#A50]░▓▓][[;#444;#000]▀▀][[;#A50;]▄▄][[;#AAA;#A50]░▒][[;#A50;#000]▀][[;#AAA;#A50]░▀▓][[b;#FFF;#AAA]▒░]█[[;#A50;]▀▄][[;#AAA;]▄ ][[;#A50;]▀][[;#AAA;]▄▄▄][[;#A50;]▀][[;#AAA;]▀  ][[b;#444;]▄░▒▓▄ ▀▒ ▌]
[[b;#444;]▄  ░   ][[;#A50;]▓░ ░▒▀▓▀ ▄▌▀▒▓▓███][[;#AAA;#A50]░][[b;#FF5;#A50]░][[;#A50;]▄▄][[;#AAA;]▄][[;#A50;]▀▀ ▓][[b;#444;#A50]▒░] [[b;#444;]▐░▀▄][[;#A50;]▄▀▄][[;#AAA;#A50]░▄░▒][[;#A50;#000]▀▀][[;#AAA;#A50]░][[;#AAA;#000]▀▀▄][[;#A50;#000]█▓░▀▄ ][[;#AAA;#A50]▒][[;#AAA;#000]▄][[;#A50;#000]▀▓ ][[b;#444;#000]░   ▀▓▓ ▐ ▌]
[[b;#444;#000]▀▓    ][[;#A50;]▐░ ░ ▄▓▀ ][[;#AAA;]▐][[;#A50;]▌▐  ░░▒▓█▀▀▀ ░▀ ][[b;#444;]░][[;#A50;]▄▀][[b;#FF5;#A50]░][[;#A50;]▌ ][[b;#444;]▀][[;#444;#A50]▀][[;#A50;]▀ ▄▄▀▀▓▒░][[b;#444;]░][[;#A50;]▐▌▄▄][[;#AAA;]▀][[;#AAA;#A50]░][[;#A50;#000]▄░ ][[;#AAA;#000]▀][[;#A50;#000]█▌][[b;#444;#000]░]▄      [[b;#444;]▐▓▌  ▌]
[[b;#444;] ▐█   ][[;#A50;]▒   █▀ ][[;#AAA;]▄▐▀][[;#AAA;#A50]░][[;#A50;#000]▄▀]     [[;#A50;#000]▄  ][[b;#444;#000]▄░  ][[;;#A50]░][[;#A50;#000]▄ ▀░  ▀▄][[;#AAA;#A50]░][[;#A50;#000]▀▒░ ▄▄][[;#AAA;#000]▄▄][[;#A50;#000]▄ ▀ ▀][[;#AAA;#A50]░][[;#A50;#000]▄▀▄▓▄▌ ▄][[;#AAA;#A50]▒][[;#AAA;#000]▌ ][[b;#444;#000]░  ▄▓▓   ▌]
[[b;#444;#000]▄ ▓▌ ][[;#A50;]▐░▀▄▀ ][[;#AAA;]▄][[;#AAA;#A50]▓][[;#AAA;#000]▌][[;#A50;#000]▌  ▀▓░   ░▐▌ ][[b;#444;#A50]░▓]   [[;#A50;]▀▀ ▄▀][[;#AAA;#A50]░▓░][[;#A50;#000]▄▀▀▀ ▄▄][[;#AAA;#000]▄][[;#A50;#000]░][[;#AAA;#000]▀▀][[;#AAA;#A50]▓░][[;#AAA;#000]▄][[;#A50;#000]▄][[b;#FF5;#A50]░][[;;#A50]░][[;#A50;#000]▄▀  ▄][[b;#FF5;#A50]░][[;;#A50]░▀][[;;#000]▌][[b;#444;#000]▀░▒▓▀  ▒ ▌]
[[b;#444;#000]▐▌▐▌ ][[;#A50;]▌▄▀ ][[;#AAA;]▄][[;#AAA;#A50]▓░][[;#AAA;#000]▐][[;#AAA;#A50]░][[;#AAA;#000] ][[;#A50;#000]░░]     [[;#A50;#000]▐▀ ][[;#AAA;#A50]░][[;#A50;#000]▌█][[b;#444;#A50]░][[;#A50;]▐▄▀ ▄][[;#AAA;#A50]▓▒░][[;#A50;#000]▌▀][[;#AAA;#A50]▒][[;#A50;#000]▒▓▄][[b;#444;#000]░ ][[;#A50;]▄▄▄][[;#AAA;]▀][[;#A50;]▀▀][[;#AAA;#A50]░][[;#A50;#000]█][[b;#444;#A50]░][[;#A50;]▓][[b;#444;#A50]░][[;;#A50]░░][[;#A50;#000]█ ▀▀▀][[b;#FF5;#A50]░][[;#A50;]▄][[;#AAA;]▀▄    ][[b;#444;]▒░░ ▌]
[[b;#444;] ▓▐▌][[;#A50;]▐▐▀][[;#AAA;]▄][[;#AAA;#A50]▒░][[;#A50;#000]█▀ ▀][[;#AAA;#A50]░][[;#A50;#000]▄▒░░]      [[;#A50;#000]▄ ][[;#AAA;#A50]░][[;#A50;#000]█ ][[b;#444;#000]░  ]▀▄▀[[;#A50;]█▀ ▐▌░▐░][[b;#444;]░ ][[;#A50;]▄▄▀▀▀▀][[b;#444;#A50]░][[;#A50;]▓▒░░▓][[;#AAA;#A50]░][[;#A50;#000]▌][[;#AAA;#A50]▓][[;#AAA;#000]▄][[;#AAA;#A50]▒][[;#AAA;#000]▄▄][[;#AAA;#A50]░][[;#A50;#000]▄][[;#AAA;#000]▀▄   ][[b;#444;#000]░░ ▌]
[[b;#444;#000] ▓▐ ][[;#A50;]▌▌▐][[;#AAA;#A50]▒░][[;#A50;#000]▓][[b;#FF5;#A50]░][[;#A50;]▄    ▀][[b;#444;]░    ][[;#A50;]░▀▀  ][[;#AAA;#A50]░][[;#A50;#000]█  ▄▌▄ ▀ ░▒ ▀▄░▀▀░   ▀▀▀▓▒░░][[b;#444;#000]░░][[;#A50;]▀ ][[;#AAA;#A50]░][[;#AAA;#000]▌][[;#AAA;#A50]░][[;#AAA;#000]▀][[;#AAA;#A50]▓][[;#AAA;#000]▄][[;#A50;#000]▀][[;#AAA;#000]▌][[;#A50;#000]▐][[;#AAA;#000]▌   ][[b;#444;#000]░ ▌]
[[b;#444;#000] ▐  ][[;#A50;]▓▐][[;#AAA;#A50]▒][[;#A50;#000]▄▄▀ ░░]      [[b;#444;#000]░ ][[;#A50;]▄   ▒░▐][[;#AAA;#A50]▌][[;#A50;#000]▌▐][[b;#FF5;#A50]░][[;#A50;]▓▀]      [[;#A50;]▄][[b;#444;]▄][[;#A50;]▀▀▄▄▌]            [[;#A50;]▀][[b;#FF5;#A50]░][[;#A50;]▐▀ ][[;#AAA;#A50]▒][[;#AAA;#000]▌▌][[;#A50;#000]▐][[;#AAA;#000]▌][[;#A50;#000]▐][[;#AAA;#000]▌  ][[b;#444;#000]░ ▌]
[[b;#444;#000] ▓ ][[;#A50;]▐▐][[;#AAA;#A50]░][[;#A50;#000]▄  ▀    ░][[b;#444;#000]░   ░ ][[;#A50;]▐▌ ▀  ▐][[;#AAA;#A50]▌][[;#A50;#000]▌][[;#AAA;#A50]░][[;#A50;#000]▀ ▄▓░][[b;#444;#000]░   ][[;#A50;]▀▓][[b;#444;#A50]▀][[;#A50;]▌]       [[b;#444;]░    ][[;#A50;]▄▄▀░][[b;#444;]░▀  ]▐[[;;#A50]░][[;#A50;#000]▐][[;#AAA;#000]▌▐ ][[;#A50;#000]▐][[;#AAA;#000]▌   ][[b;#444;#000]▌]
[[b;#444;#000] ▒ ][[;#A50;]▓░▀▀][[b;#FF5;#A50]░][[;#A50;]▓▄]        [[;#A50;]░  ▀▄▄▓▄ ▐][[;#AAA;#A50]▒][[;#A50;#000]▌▐▄][[b;#444;#A50]░░▓][[;#444;#000]▒░░ ░  ][[;#A50;]▀]      [[;#A50;]░░ ░][[b;#444;]░   ░]      [[;#FF5;#A50]░][[;#A50;]▌▐][[;#AAA;#A50]▒][[;#A50;#000]▌][[;#AAA;#000]▌][[;#A50;#000]░▌   ][[b;#444;#000]▌]
[[b;#444;#000] ░ ][[;#A50;]▌▒▌  ▀▒░░]     [[;#A50;]▐▌    ▀▀][[;#AAA;#A50]░][[;#A50;#000]▄▐][[;#AAA;#A50]▒][[;#A50;#000]▌█][[;#AAA;#A50]░░][[;#A50;#000]█][[b;#444;#A50]░▓][[;#444;#000]▀  ][[;#A50;]▄▄▄▄ ▄▄▓▓░▀ ▐▒ ░   ][[b;#444;]▐    ][[;#A50;]▐][[b;#444;#A50]▓] [[b;#444;]░][[;;#A50]░][[;#A50;#000]▀][[b;#FF5;#A50]░][[;#A50;]▐    ][[b;#444;]▌]
[[b;#444;] ░][[;#A50;]▐][[b;#444;]░ ][[;#A50;]░░]      [[;#A50;]░][[b;#444;]░  ][[;#A50;]█▒ ][[b;#444;]░░    ][[;#A50;]▀▐][[;#AAA;#A50]░][[;#A50;#000]▌▄░▀▀▄▄▄███][[b;#FF5;#A50]░][[;;#A50]░░][[b;#444;#A50]░░▒][[;#A50;]▀   ▄▓▌][[b;#444;]░][[;#A50;]▒ ▐  ][[b;#444;]░   ▒][[;#A50;]░ ][[b;#444;#A50]▓][[;#A50;]  ▐]     [[b;#444;]▌]
[[b;#444;]  ][[;#A50;]▐][[b;#444;]▒   ][[;#A50;]░░░]      [[;#A50;]▐▓░ ░░][[b;#444;]░░ ][[;#A50;]▄ ▐][[;#AAA;#A50]░][[;#A50;#000]▌ ▀▀▀  ][[b;#444;#000]░][[;#A50;]░ ▄▓▓▀▀▀  ▄▄▀▀▓ ][[b;#444;#A50]▌][[;#A50;]▓ ▐▌ ][[b;#444;]▐▌ ░][[;#A50;]░ ][[b;#444;]░][[;#A50;]▌  ▌]     [[b;#444;]▌]
[[b;#444;]   ][[;#444;#A50]▐]       [[;#444;#000]░    ][[;;#A50]░][[;#A50;#000]▓][[b;#444;#000]░  ][[;#A50;]░░][[b;#444;#A50]▓][[;#A50;]▓▌ ▐][[;#AAA;#A50]░][[;#A50;#000]▌  ][[b;#444;#000]░ ░░][[;#A50;]▄▓▓█▀▀  ▄▄][[;#AAA;#A50]░][[;#A50;#000]▀ ▐▓][[b;#444;#A50]░] [[b;#444;#A50]▌▒][[;#A50;]▌ ▓  ][[b;#444;]▓ ▌ ░][[;#444;#A50]▌][[;#A50;]▄▓▀    ][[b;#444;]░ ▌]
[[b;#444;] ░ ][[;#A50;]▐][[b;#444;]▌]        [[b;#444;]░ ][[;#A50;]▐▀█▄  ▒▓▄ ▀▀ ][[;#AAA;#A50]░][[;#A50;#000]█  ▄▄▀▀▀    ▄][[;#AAA;#A50]▒░][[;#A50;#000]█▀  ░][[b;#444;#000]░][[;#A50;]█][[b;#444;#A50]▐] [[b;#444;#A50]▌░][[;;#A50]░][[;#A50;#000]▌▐][[;#AAA;#A50]░][[;#AAA;#000]  ][[b;#444;#000]▀][[;#A50;]▄▄▀▀]      [[b;#444;]░░ ▌]
[[b;#444;] ░  ▐░]      [[b;#444;]░░][[;#A50;]░ ][[b;#444;]▄  ][[;#A50;]▀▄▄▓▓][[b;#444;#A50]░▒▓][[;#A50;] ][[;#AAA;#A50]░][[;#A50;#000]█][[b;#444;#000]░][[;#A50;]▐▌▄▄][[;#AAA;]▄][[;#A50;]▄▄█][[;#AAA;#A50]▀░][[b;#FF5;#A50]▒░][[;#A50;]▀  ░▒][[b;#444;]░ ][[;;#A50]░][[;#A50;#000]▌ ▐][[b;#444;#A50]░][[;;#A50]░][[;#A50;#000]▐ ▓][[;#AAA;#000]▌][[;#A50;#000]▓  ▄▐  ][[b;#444;#000]░  ░░░▒ ▌]
[[b;#444;#000] ░    ░░  ░░▒][[;#444;#A50]▓▓][[;#444;#000]▀  ░  ][[;#A50;]▄][[b;#444;]▄][[;#A50;]▀▀][[b;#444;#A50]░░] [[;;#A50]▐][[;#A50;#000]█][[b;#444;#000]░ ][[;#A50;]▀▀▀ ░▒▄▄][[b;#FF5;#A50]░][[;#A50;]▀  ▄▓▒  ][[;#AAA;#A50]░][[;#A50;#000]█  ░][[;#AAA;#A50]░][[b;#FF5;#A50]░][[;#A50;]▌▌░][[;#AAA;#A50]░][[;#AAA;#000]▌][[;#AAA;#A50]░][[;#AAA;#000] ][[;#A50;#000]░▓    ][[b;#444;#000]▀▀▒▒▓ ▌]
         [[b;#444;#000]▄  ▀▀▄  ░  ][[;#A50;]█][[;#AAA;#A50]░][[;#A50;#000]▓][[b;#444;#000]░ ][[;#A50;]▄  ][[;#AAA;#A50]▐][[;#A50;#000]█  ][[b;#444;#000]░░][[;#A50;]░▒▓][[;#AAA;#A50]░][[b;#FF5;#A50]░][[;#A50;]▀  ▄▓][[b;#444;#A50]░][[;#A50;]▀ ▄][[b;#FF5;#A50]░][[;;#A50]░][[;#A50;#000]▌ ░][[b;#444;#A50]░][[;;#A50]░][[b;#FF5;#A50]░][[;#A50;]▌▐ ▓][[;#AAA;#A50]░][[;#AAA;#000] ][[;#AAA;#A50]░][[;#AAA;#000] ][[;#A50;#000]▌ ][[b;#444;#000]▄░▒▓▄ ▀▓ ▌]
           [[b;#444;#000]▀▀▀ ][[;#A50;]▄░ ▄█][[;#AAA;#A50]░][[;#A50;#000]▓░ ▐▒░ ][[;#AAA;#A50]░][[;#A50;#000]█]     [[;#A50;#000]▀▀   ▄][[;#AAA;#A50]░░][[b;#444;#A50]░][[;#A50;]▀ ▄][[b;#FF5;#A50]░][[;;#A50]░][[;#A50;#000]█  ░][[b;#444;#A50]░][[;;#A50]░▓][[b;#FF5;#A50]░][[;#A50;]▐ ░][[;#AAA;#A50]░▒][[;#AAA;#000] ][[;#AAA;#A50]▒][[;#AAA;#000] ][[b;#444;#000]░   ▀▓▓ ▐ ▌]
       [[b;#444;#000]░░   ][[;#A50;]▌▄][[;#AAA;#A50]░][[;#A50;#000]▌ ▄█▓▀  ▄][[;#AAA;#A50]░][[;#A50;#000]▓▀ ][[;#AAA;#A50]▐░][[;#AAA;#000] ][[;#A50;#000]░▄▄▀    ▀▀▀▀ ▄█▀▀█  ░▓▀▀][[;#AAA;#000]▀][[;#AAA;#A50]░][[;#A50;#000]▌▌ ░][[b;#FF5;#A50]░][[;;#A50]▓][[;#A50;#000]▐][[b;#FF5;#A50]░]     [[b;#444;]▐▓▌  ▌]
        [[b;#444;]░░ ][[;#A50;]▐][[;#AAA;#A50]░][[;#A50;#000]▓░ █▓░▀ ▄][[;#AAA;#A50]░][[;#A50;#000]▀  ▄ ][[;#AAA;#A50]▐░][[;#AAA;#000] ][[;#A50;#000]▀    ░ ▄][[b;#444;#A50]░][[;#A50;]▌]     [[;#A50;]▄░]     [[;#A50;]▄   ▀▌ ░▀][[;#AAA;]▀▄][[;#A50;]▐][[;#AAA;#A50]▐][[;#AAA;#000]   ][[b;#444;#000]▄▓▒ ▒ ▌]
         [[b;#444;#000]░  ][[;#A50;]▀░ ][[b;#444;#A50]░][[;#A50;]▓][[b;#444;]░ ][[;#A50;]▄█▀ ▄▄▓░ ][[;#AAA;#A50]▐░][[;#AAA;#000] ][[;#A50;#000]░▓ ░▒ ▄][[;#AAA;#A50]░][[;#A50;#000]▀ ░][[b;#444;#000]░  ][[;#A50;]▐▓▌ ][[b;#444;]░][[;#A50;]░ ▐▒▒░▄ ▐  ][[b;#444;]░ ][[;#A50;]▐▄][[;#AAA;#A50]░][[;#AAA;#000]▓ ][[b;#444;#000]░▒▀ ▄▓ ▌]
         [[b;#444;#000]░    ][[;#444;#A50]▒][[;#444;#000]░  ][[;;#A50]░][[;#A50;#000]▀ ▒▀▄][[b;#444;#A50]░][[;#A50;]▀  █][[;#AAA;#A50]░][[;#AAA;#000]  ][[;#A50;#000]▓█▄▄][[;#AAA;#A50]░][[b;#FF5;#A50]░][[;#A50;]▀ ▒░   ][[;#AAA;#A50]░][[;#A50;#000]▌ ][[b;#444;#000]░][[;#A50;]░▄  ▒▓][[;#AAA;#A50]░░][[;#A50;#000]▌ ▀▄ ░▄ ▀][[;#AAA;#000]▀▌  ][[b;#444;#000]▄▓▒▒ ▌]
[[b;#444;#000]▄]        [[b;#444;#000]░░  ][[;#444;#A50]░][[;#444;#000]░ ][[;#A50;]▄▀ ░░▄][[;#AAA;#A50]░][[;#A50;#000]▀    █][[;#AAA;#A50]▒][[;#AAA;#000] ][[b;#444;#000]░][[;#A50;]▐▓][[;#AAA;#A50]░][[b;#FF5;#A50]░][[;#A50;]█][[b;#444;]░ ][[;#A50;]▒▒   ][[;#AAA;#A50]░][[;#A50;#000]█  ▓][[;#AAA;#A50]░][[;#A50;#000]█  ▒▓][[b;#FF5;#A50]░][[;;#A50]▒][[;;#000]█ ][[;#A50;#000]░▄  ▓][[b;#444;#A50]░][[;#FFF;#000]    ][[;#444;#000]░░░░▒ ▌]
[[;#444;#000]▀▓▄]      [[;#444;#000]░  ][[;#A50;]▐▀▄▀  ▄][[;#AAA;#A50]░][[;#A50;#000]▓▀  ░░░ ▐][[;#AAA;#A50]░][[;#A50;#000]▌ ][[b;#444;#000]░][[;#444;#A50]▓][[;;#A50]░][[;#A50;#000]█][[b;#444;#000]░ ][[;#A50;]▐▓   ▐][[;#AAA;#A50]▒][[;#AAA;#000]  ][[;#A50;#000]▓][[;#AAA;#A50]░░][[;#A50;#000]▓ ][[b;#444;#000]░][[;#A50;]▓▓][[;#AAA;#A50]░▓][[b;#444;#AAA]░] [[;#A50;]░][[;#AAA;#A50]░][[;#AAA;#000]▌ ][[;#A50;#000]░][[;#AAA;#A50]░][[;#A50;#000]▌]     [[b;#444;#000]░░░ ▌]
[[b;#444;#000]░ ▓▌]       [[;#A50;]▄▀▀  ▄▀▓   ░░░▒▒ ▐][[;#AAA;#A50]░][[;#A50;#000]▌  ][[b;#444;#A50]▒░][[;#A50;]▌ ▐▓   ▐][[b;#FF5;#A50]░][[;#A50;]▌ ▐][[b;#444;#A50]░][[;#A50;]▓▓▌ ][[b;#444;]░][[;#A50;]▓][[b;#444;#A50]░][[;;#A50]░▒][[b;#444;#AAA]░]▌[[;#A50;]░][[;#AAA;#A50]░▒][[;#AAA;#000] ][[;#A50;#000]░][[;#AAA;#A50]░▒][[;#AAA;#000]▌]      [[b;#444;#000]░ ▌]
[[b;#444;#000]▄ ▐▓]      [[;#A50;]▐▌▄░▀ ▄▀   ░░▒▒▒▓▌▐][[;#AAA;#A50]░][[;#A50;#000]▌ ▐][[b;#444;#A50]░][[;#A50;]▌ ▄▓    ][[;#AAA;#A50]▒][[;#A50;#000]▌  ▓][[b;#444;#A50]░][[;#A50;]▓▓][[b;#444;]░ ░][[;#A50;]▓█][[b;#444;#A50]░][[;;#A50]░][[b;#444;#AAA]░]▌ [[;#A50;]▓][[;#AAA;#A50]▒][[;#AAA;#000]▌ ][[;#AAA;#A50]░░▓][[b;#444;#000]   ▄    ▌]
[[b;#444;#000]▐▌ █]       [[;#A50;]▀  ▄▀][[b;#444;]░  ][[;#A50;]░░▒▒▒▓▓▓▓▐][[;#AAA;#A50]░][[;#A50;#000]▌ ][[b;#444;#A50]░][[;#A50;]▀░▄▓    ][[;#AAA;#A50]░][[;#A50;#000]█   ][[b;#444;#000]░][[;#444;#A50]░][[;#A50;]▓█  ░▓█][[b;#444;#A50]░][[;#FF5;#A50]░][[;;#A50]▓][[;;#000]█ ][[;#A50;#000]░][[;#AAA;#A50]░][[;#AAA;#000]▌ ][[b;#FF5;#A50]░][[;#A50;]▀  ][[b;#444;]▄▀ ▀▄  ▌]
[[b;#444;] ▓ ▓   ░░    ][[;#A50;]▐][[b;#444;]░   ][[;#A50;]░░▒▓▓▓▓][[;#AAA;#A50]░░][[;#A50;#000]▓▐][[;#AAA;#A50]░][[;#A50;#000]▌▐▓░▓▓   ][[b;#444;#000]░][[;#A50;]▐▓   ][[b;#444;]░][[;#A50;]░▒█▓ ][[b;#444;]░][[;#A50;]░██][[b;#444;#A50]░][[;#FF5;#A50]░][[;;#A50]▒][[b;#444;#AAA]░] [[;#A50;]░][[;#AAA;#A50]░▒][[;#A50;#000] ▌][[;#AAA;#000]▌ ][[b;#444;#000]▐▌▄▀▄▐▌ ▌]
[[b;#444;#000] ▒ ▐   ░░░   ][[;#A50;]▌  ░▄][[;#AAA;#A50]░][[;#A50;#000]▀▓▓][[b;#444;#A50]░░][[;#A50;]█][[;#AAA;#A50]░░][[;#A50;#000]█▐][[;#AAA;#A50]░][[;#A50;#000]▌▒▓▓▓▌   ▐][[;#AAA;#A50]░][[;#A50;#000]▌   ][[b;#444;#000]░][[;#A50;]░▒▌▓  ░▓█][[b;#444;#A50]░][[;#FF5;#A50]░][[;;#A50]▒][[b;#444;#AAA]░]▌ [[;#A50;]▓][[b;#FF5;#A50]░]▌[[;#A50;]░▀ ][[b;#444;]▒▐▌ ▐▌█ ▌]
[[b;#444;] ░ ▐   ░░░░ ][[;#A50;]▐][[b;#444;]░][[;#A50;]▄][[;#AAA;#A50]░][[;#A50;#000]█▀  ][[b;#FF5;#A50]░][[;#A50;]█][[b;#444;#A50]░][[;#A50;]█][[;#AAA;#A50]░░░][[;#A50;#000]█▐][[;#AAA;#A50]▒][[;#A50;#000]▌░▒▒▌  ][[b;#444;#000]░ ][[;;#A50]▒][[;#A50;#000]█   ][[b;#444;#000]░][[;#A50;]░░▓ ▓ ][[b;#444;]░][[;#A50;]░▓█][[b;#444;#A50]░][[;#FF5;#A50]░][[;;#A50]▒][[b;#444;#AAA]░]▌ [[;#A50;]░][[;#AAA;#A50]░▒][[;#AAA;#000]   ][[b;#444;#000]▒▓   ▌▓ ▌]
[[b;#444;#000] ░ ▓   ░░░░  ][[;#A50;]▀][[;#AAA;#A50]░][[;#A50;#000]█ ][[b;#444;#A50]░][[;#A50;]▄][[;#AAA;#A50]░][[b;#444;#A50]░░][[;#A50;]▓][[b;#444;#A50]░][[;;#A50]░][[;#A50;#000]███▐][[b;#FF5;#A50]░][[;#A50;]▌░▒▌  ][[b;#444;]░ ][[;#A50;]▐][[;#AAA;#A50]░][[;#AAA;#000]   ][[b;#444;#000]░░][[;#A50;]░░▓ ▒ ][[b;#444;]░][[;#A50;]░▓█][[b;#444;#A50]░][[;;#A50]░▒▓][[;;#000]█ ][[;#A50;#000]░▓][[b;#FF5;#A50]░]▌  [[b;#444;]▓▌░  ▌▓ ▌]
[[b;#444;] ░ ▒   ░░░░░  ][[;#A50;]▓][[b;#444;]░ ][[;#A50;]██▓▓▓█][[;#AAA;#A50]░][[;#A50;#000]███][[b;#444;#A50]░][[;#A50;]▐][[b;#FF5;#A50]░][[;#A50;]▌░▌    ▐][[;#AAA;#A50]░][[;#A50;#000]▌  ][[b;#444;#000]░░][[;#A50;]░░▒▌▐▒ ░▒▓█][[b;#444;#A50]░][[;;#A50]░▒▓][[;;#000]█  ][[;#A50;#000]░][[;#AAA;#A50]░▒][[;#AAA;#000]  ][[b;#444;#000]▓▌░  ▌▒ ▌]
[[b;#444;#000]   ▒   ░░░░░  ][[;#444;#A50]▓] [[;;#A50]░][[;#A50;#000]▌▓▓▓████][[b;#444;#A50]░░][[;#A50;]▒▐][[b;#FF5;#A50]░][[;#A50;]▌▀    ▐][[;#AAA;#A50]░][[;#A50;#000]▌  ][[b;#444;#000]░░][[;#A50;]░░▒▓▌▐▒  ][[b;#444;]░][[;#A50;]▓██][[b;#444;#A50]░][[;#FF5;#A50]░][[;;#A50]▓][[b;#444;#AAA]░]▌ [[;#A50;]░▓][[;#AAA;#A50]░][[;#AAA;#000]▌ ][[b;#444;#000]▓▌░  ▌▒ ▌]
[[b;#444;#000]   ░ ░   ░░░ ▐░][[;#444;#A50]▓] [[;#A50;]░▒▓████][[b;#444;#A50]░][[;#A50;]▓▒ ▐][[;#AAA;#A50]░][[;#A50;#000]▌    ▄][[;#AAA;#A50]░][[;#AAA;#000]   ][[b;#444;#000]░░][[;#A50;]░░░░▓▌▐▌  ][[b;#444;]░][[;#A50;]▓█][[b;#444;#A50]░][[;;#A50]░][[b;#FF5;#A50]░][[;;#A50]▓][[b;#444;#AAA]░]█  [[;#A50;]░][[b;#FF5;#A50]░][[;;#A50]▒][[b;;#000] ][[;#444;#000]▐▌░  ▌▒ ▌]
[[;#444;#000]   ░ ░]       [[;#444;#000]▌▐░][[;#A50;]░▓▓▓███][[;#AAA;#A50]░][[;#A50;#000]▓▓░░▐][[;#AAA;#A50]░][[;#A50;#000]▌  ][[b;#444;#000]▌][[;#A50;]▐][[;#AAA;#A50]░][[;#AAA;#000]   ][[b;#444;#000]░░   ][[;#A50;]░░▓ ][[;#AAA;#A50]░][[;#A50;#000]▌▐ ░▓█][[b;#444;#A50]░][[;;#A50]░][[b;#FF5;#A50]░][[;;#A50]▓▓][[;;#000]█  ][[;#A50;#000]░][[b;#FF5;#A50]░][[;;#A50]▓][[;;#000]▌ ][[b;#444;#000]▌░  ▌░ ▌]
     [[b;#444;#000]░]        [[b;#444;#000]▓  ][[;#A50;]█][[;#AAA;#A50]░][[;#A50;#000]██][[;#AAA;#A50]░░][[b;#FF5;#A50]░░][[;;#A50]░][[;#A50;#000]▓▓▐][[;#AAA;#A50]░][[;#A50;#000]▌ ][[b;#444;#000]░ ][[;#A50;]█▀  ][[b;#444;]░]     [[;#A50;]░░▒ ][[;#AAA;#A50]░][[;#A50;#000] ▌ ░▓][[b;#444;#A50]░][[;;#A50]░▒▓▓][[b;#FF5;#AAA]░][[;;#A50]▓][[;;#000]▌ ][[;#A50;#000]▄▀][[;#AAA;#000]▀▀ ][[b;#444;#000]▌░  ▌░ ▌]
[[b;#444;#000] ░   ░]       [[b;#444;#000]▐░][[;#A50;]▄▀▀ ▀][[;#AAA;#A50]░░▒▓▒░][[;#A50;#000]▀ ▐][[;#AAA;#A50]░][[;#A50;#000]▌  █▀  ][[b;#444;#000]░]     [[;#A50;]░░░▌ █ ▌ ░▓][[b;#444;#A50]░][[;;#A50]░░][[b;#FF5;#A50]░░][[;#FF5;#AAA]░]█▀ [[;#A50;]▄ ░ ][[b;#444;]▐▌░   ░ ▌]
[[b;#444;]▄▒ ░ ░░]      [[b;#444;]▐ ][[;#A50;]▌ ░ ▐█][[;#AAA;#A50]▀▀][[;#A50;#000]▓▀    ][[;#AAA;#A50]▐][[;#A50;#000]█ ][[;#AAA;#A50]░][[;#A50;#000]▌]        [[;#A50;#000]░░░░ ▐█▄▌ ▒▓][[;#AAA;#A50]░][[;#A50;#000]█▀▀▀  ][[b;#444;#000]░][[;#A50;]▓][[;#AAA;]▌   ][[b;#444;]▓▌]      [[b;#444;]▌]
[[b;#444;]▄▄▄▓ ▒▒▒░░░  ▌ ][[;#A50;]▄▀ ░▓][[;#AAA;#A50]░][[;#A50;#000]█░][[b;#444;#000]░]     [[;;#A50]▐][[;#A50;#000]█▐▓  ][[b;#444;#000]░]     [[b;#444;#000]░░][[;#A50;]░░░ ][[b;#444;#A50]░][[;#A50;]█▓ ░▓▀▀  ░][[;#AAA;#A50]░][[;#AAA;#000]▌ ][[;#A50;#000]░][[;#AAA;#A50]░▓][[;#AAA;#000] ][[b;#444;#000]░░▓▄▄]     [[b;#444;#000]▌]
[[b;#444;#000]▄▄▄▄▄▄▄▄▄▄▄▄ ▌][[;;#A50]░][[b;#444;#000]░ ][[;#A50;]░▓▓░░][[b;#444;]░]      [[;;#A50]░][[;#A50;#000]█▐]           [[b;#444;#000]░][[;#A50;]░  ][[;#AAA;#A50]░][[;#A50;#000]█░ █▀ ▌ ][[b;#444;#000]░][[;#A50;]▓][[;#AAA;#A50]░▓][[;#AAA;#000] ][[;#A50;#000]▓][[;#AAA;#A50]░][[;#AAA;#000]▀ ][[b;#444;#000]▄▄▄▄▄▄▄▄▄▄▌]
[[b;#444;#000] ▄   ▄   ▄  ]▐[[;#A50;]▀][[b;#444;]░  ][[;#A50;]░░]          [[;#AAA;#A50]░][[;#A50;#000]█]             [[;#A50;#000]░ ▐█▓░  ░][[;#AAA;#A50]░][[;#A50;#000]▌ ░▓][[;#AAA;#A50]░▓][[;#AAA;#000] ][[;#A50;#000]█][[;#AAA;#000]▀][[b;#444;#000]▐  ▄   ▄   ▄▌]
[[b;#444;#000]▀ ▀▄▀ ▀▄▀ ▀ ][[;#A50;]▌][[b;#444;]░  ░    ░]     [[b;#444;]░][[;#A50;]▌][[;#AAA;#A50]░▌]             [[;#A50;#000]░ ][[b;#444;#A50]░][[;#A50;]█▒░    ▀ ▓][[b;#444;#A50]░][[;;#A50]▒][[;;#000]▀▀][[b;#444;#000]▄ ][[;#444;#A50]▒] [[b;#444;]▀ ▀▄▀ ▀▄▀ ▌]
[[b;#444;]▄▄▄▄▄▄▄▄▄▄ ][[;#A50;]▐ ][[b;#444;]▄░]           [[b;#444;]▓][[;#444;#A50]▒][[;#A50;]▌][[b;#FF5;#A50]░][[;;#A50]▒]               [[;;#A50]░][[;#A50;#000]▓░    ▄░▌█▀ ][[b;#444;#000]▐][[;#444;#A50]▓][[;#A50;]▌ ][[b;#444;#A50]░] [[b;#444;]▄▄▄▄▄▄ ▄▄▄▌]
           [[;#A50;]▌][[b;#444;]▐░]     [[b;#444;]░]     [[b;#444;]▒][[;#444;#A50]▓][[;#444;#000]▀ ][[;#A50;]▀][[;#AAA;#A50]░][[;#AAA;#000]  ][[;#A50;#000]░][[b;#444;#000]░]       [[b;#444;#000]░][[;#A50;]░  ][[;#AAA;#A50]░][[;#A50;#000]▓▓▀ ▐][[b;#444;#A50]░][[;;#A50]░▒][[;#A50;#000] ][[b;#444;#000]▄][[;#A50;]▌][[b;#444;]░▓][[;#444;#A50]░][[;#A50;]▌ ][[;#AAA;#A50]░][[;#AAA;#000] ][[b;#444;#000]░]         [[b;#444;#000]▌]
[[b;#444;#000]▓▀▀▀▀▀▓▓   ][[;#A50;]▌][[b;#444;]▓]           [[b;#444;]░▓  ][[;#A50;]▐▀▀▌]     [[b;#444;]░░░░░][[;#A50;]░▒ ▐▓▀  ▐][[b;#444;#A50]░][[;#A50;]█▀▀ ][[b;#444;#A50]▓][[;#A50;]▌ ░▓▌░][[;#AAA;#A50]░][[;#AAA;#000]    ][[;#A50;#000]▄][[;#AAA;#A50]░][[;#A50;#000]▐ ][[b;#444;#000]▀▒▓▌]
[[b;#444;#000]▒ ░▀▒▄▐   ][[;#A50;]▄][[b;#444;]▀]     [[b;#444;]░]     [[b;#444;]░░    ][[;#A50;]▓▌  ▀][[;#AAA;]▄    ][[b;#444;]░][[;#A50;]░░░▌ ][[b;#444;#A50]░]   [[;#A50;]░▓▀   ][[b;#444;#A50]▓░][[;;#A50]░][[;;#000] ][[;#A50;#000]▒][[;#AAA;#A50]░][[;#A50;#000]▌░][[;#AAA;#A50]▒][[;#AAA;#000] ][[;#A50;#000]▄][[;#AAA;#A50]▓░][[;#A50;#000]▀ ▌  ][[b;#444;#000]░▒▌]
[[b;#444;#000]░    ▒▐  ][[;#A50;]▐][[b;#444;]▌    ░░]      [[b;#444;]░]     [[;#A50;]█][[;#AAA;#A50]░][[;#A50;#000]    ▀][[;#AAA;#A50]░][[;#AAA;#000]▄   ][[;#A50;#000]░░]       [[;#A50;#000]▀   ][[b;#444;#000]░][[;#444;#A50]░][[;#A50;]█][[;#AAA;#A50]▒][[;#AAA;#000] ][[;#A50;#000]▒][[;#AAA;#A50]░][[;#A50;#000]▌░▀▐][[;#AAA;#A50]▓][[;#A50;#000]▀  ▐    ][[b;#444;#000]░▌]
[[b;#444;#000]░    ░▐  ][[;#444;#A50]▐]    [[b;#444;]░░]      [[b;#444;]░]     [[;#A50;]▐][[;#AAA;#A50]░░]      [[;#A50;#000]▀][[;#AAA;#A50]▒][[;#AAA;#000]▄]              [[b;#444;#000]░][[;#A50;]▓][[;#AAA;#A50]░▓][[;#AAA;#000] ][[;#A50;#000]▓][[;#AAA;#A50]░][[;#A50;#000]█  ][[;#AAA;#A50]▒][[;#A50;#000]  ][[b;#444;#000]░ ][[;#A50;]▌    ][[b;#444;]░▌]
[[b;#444;]░    ░▐  ][[;#A50;]▌   ][[b;#444;]░▒]             [[;#A50;]█][[;#AAA;#A50]░▓][[;#AAA;#000] ][[b;#444;#000]░]     [[b;#444;#000]░][[;#A50;]█][[;#AAA;#A50]░▓][[;#AAA;#000]▄▄]       [[b;#444;#000]░ ░][[;#A50;]░█][[;#AAA;#A50]░▓][[;#AAA;#000] ][[;#A50;#000]▀   ][[;#AAA;#A50]░][[;#A50;#000]  ░][[b;#444;#000]░ ][[;#A50;]▌    ][[b;#444;]░▌]
[[b;#444;]░]     [[b;#444;]▐ ][[;#A50;]▐ ][[b;#444;]░  ▒]      [[b;#444;]░]       [[;#A50;]▐▒][[;#AAA;]▀  ][[b;#444;]░]      [[;#A50;]▀█][[;#AAA;#A50]▒▓][[b;#FF5;#AAA]░]▄        [[;#A50;]░▓][[;#AAA;#A50]░][[b;#FF5;#AAA]░]▌   [[;;#A50]░][[;#A50;#000]   ░▄ ░][[;#AAA;#000]▄    ][[b;#444;#000]▌]
[[b;#444;#000]░]     [[b;#444;#000]▐ ▐ ▌ ░▒]     [[b;#444;#000]▓]         [[;#444;#A50]░▓]  [[b;#444;]░░  ░    ][[;#A50;]▀█][[;#AAA;#A50]░▒][[;#AAA;#000]█▄   ][[;#A50;#000]░    ▀][[;#AAA;#000]▀▌  ▐  ][[;#A50;#000]░][[b;#444;#000]░ ][[;#A50;]▒▓█▄][[;#AAA;]▀][[;#A50;]▄▄]
[[b;#444;]░]     [[b;#444;]▐  ▌][[;#A50;]▌][[b;#444;]░▓]     [[;#444;#A50]▓]          [[b;#444;#A50]░][[;#A50;]▌   ][[b;#444;]░░░ ][[;#A50;]▐]      [[;#A50;]█][[;#AAA;#A50]░][[b;#FF5;#AAA]░]▓  [[;#A50;]░][[b;#444;]░]        [[;#A50;]▌   ▒▓█][[b;#FF5;#A50]░][[;;#A50]░][[;#A50;#000]▀▀▌  ][[b;#444;#000]▌]
      [[b;#444;#000]▐  ][[;#444;#A50]▌] [[b;#444;]▓]     [[;#444;#A50]░]           [[;#A50;]▐▌ ][[b;#444;]░░░   ][[;#A50;]▌  ][[b;#444;]░ ▀▄ ][[;#A50;]▀][[;#AAA;#A50]░▒][[;#AAA;#000]▓ ][[;#A50;#000]▓][[b;#444;#000]░░  ░   ][[;#A50;]▐ ░][[b;#444;]░][[;#A50;]▄█][[b;#FF5;#A50]░][[;;#A50]░][[;#A50;#000]▀  ▐   ][[b;#444;#000]▌]
         [[;#A50;]▌][[b;#444;]▐    ][[;#A50;]▄▀]            [[;#A50;]▐ ][[b;#444;]░░   ][[;#A50;]░▓  ][[b;#444;]▐    ▀▄][[;#A50;]▐][[;#AAA;#A50]▀▓][[;#AAA;#000]▌][[;#A50;#000]▐][[b;#444;#A50]░][[;#444;#000]░]      [[;#A50;]▌░▒▓][[b;#444;#A50]░][[;;#A50]░][[;;#000]▀  ][[;#A50;#000]░ ▐  ][[b;#444;#000]░▌]
[[b;#444;#000]    ░    ][[;#444;#A50]░][[;#444;#000]▌   ][[;#444;#A50]░]            [[b;#444;]░ ][[;#A50;]▐]     [[;#A50;]░▓▌  ][[b;#444;]░]      [[b;#444;]▌][[;#A50;]▓][[;#AAA;#A50]░▓][[;#A50;#000]▐▓][[b;#444;#A50]▓][[;#444;#000]░    ][[;#A50;]▐ ▒▓][[b;#444;#A50]░]▀   [[;#A50;]░░  ▌ ][[b;#444;]░▌]
[[b;#444;]    ░   ][[;#A50;]░▌   ▓]          [[b;#444;]░░░]     [[;#A50;]▄▄ ▓▓]     [[b;#444;]▀▀▄   ][[;#A50;]▐][[;#AAA;#A50]░▓][[;#A50;#000] █][[b;#444;#A50]░][[;#444;#000]░░   ][[;#A50;]▐▐▓][[;#AAA;#A50]░][[;#AAA;#000]▀  ][[;#A50;#000]░][[b;#444;#000]░ ][[;#A50;]▓█▄▀][[;#AAA;]▄]
[[;#AAA;]   ][[b;#444;]░░   ][[;#A50;]▓  ▄▀]                [[;#AAA;#A50]▓░][[;#A50;#000]▄▀][[;#AAA;#000]▐][[;#A50;#000]▌▀   ][[b;#444;#000]▌]      [[b;#444;#000]░  ][[;;#A50]░▒][[;;#000]▌][[;#A50;#000]▐][[b;#444;#A50]░▓][[;#444;#000]░░  ][[;#A50;]▌▓][[;#AAA;#A50]░][[;#AAA;#000]▌ ][[;#A50;#000]░ ▓▓][[b;#444;#A50]░░][[;#FF5;#A50]░][[;;#A50]░░][[;#A50;#000]▄█▄]
[[;#A50;#000]   ][[b;#444;#000]░▒  ][[;#A50;]▐  ▄▀]           [[;#AAA;]▄ ][[b;#444;]▄ ▀▀]▐[[;;#A50]▒░][[;#A50;#000]▌▀▄▌  ][[b;#444;#000]░]        [[b;#444;#000]▌ ][[;#A50;]█][[;#AAA;#A50]░][[;#AAA;#000]▌ ][[;#A50;#000]▀▓░][[b;#444;#000]░ ][[;#A50;]▐▓][[;#AAA;#A50]░][[;#AAA;#000]▌][[;#A50;#000]░░▓][[b;#444;#A50]░][[;#A50;]█][[b;#FF5;#A50]░][[;;#A50]░][[;;#000]▀▀][[;#A50;#000]▀  ▌]
[[;#A50;#000]  ][[b;#444;#000]░░▓  ][[;#A50;]▓░▌]        [[b;#444;]░   ][[;#A50;]▐][[;#AAA;]▌][[b;#444;]▀   ▀ ][[;;#A50]░][[;#A50;#000]█▒][[;#AAA;#A50]░][[;#A50;#000]▀][[;#AAA;#A50]░]      [[b;#444;#000]▄▄    ][[;#A50;]░▓][[;#AAA;#A50]░][[;#A50;#000]    ▀░][[b;#444;#000]░][[;#A50;]▐][[;#AAA;#A50]░▓][[;#A50;#000] ▒█][[;#AAA;#A50]░▒][[;#AAA;#000]▀▀  ][[b;#444;#000]░][[;#A50;]░ ▐ ][[b;#444;]▌]
[[b;#444;] ░░▒  ][[;#A50;]░][[;#AAA;#A50]░][[;#A50;#000]▌]      [[b;#444;#000]░][[;#A50;]░]      [[;#A50;]▀][[;#AAA;#A50]░][[;#A50;#000]▄][[b;#444;#000]▀   ][[;#A50;]▐][[;#AAA;#A50]░][[;#A50;#000]▐][[;#AAA;#A50]▒][[;#A50;#000]▌▄▌▐]      [[b;#444;#000]▀▀▄ ][[;#A50;]▐][[;#AAA;#A50]░▒]       [[;#A50;#000]▐][[b;#FF5;#A50]░]▌[[;#A50;]█][[;#AAA;#A50]░▄][[;#AAA;#000]▀  ][[;#A50;#000]░░][[b;#444;#A50]░░][[;#A50;]▓ ▌ ][[b;#444;]▌]
[[b;#444;]    ]▄▐[[;;#A50]░][[;#A50;#000]▒  ▄▄ ▀]           [[;#A50;#000]▐▌][[b;#444;#000]▀  ][[;#A50;]▄▌▒ ][[b;#FFF;]▄][[;#A50;]▐][[b;#FF5;#A50]░] [[;#A50;]▒▄]       [[;#A50;]▐][[;#AAA;#A50]░▒][[;#AAA;#000]▓]        [[;#A50;#000]█][[;#AAA;#A50]░▒][[;#AAA;#000]▀ ][[;#A50;#000]▄][[;#AAA;#A50]░░][[;#A50;#000]▓][[b;#FF5;#A50]░][[;;#A50]▄░░][[;#A50;#000]▌▀][[;#AAA;#000]▄][[;#A50;#000]▄]
[[;#A50;#000]   ][[;#AAA;#000]▀][[;#AAA;#A50]▓][[;#AAA;#000]▄ ][[;#AAA;#A50]░][[;#A50;#000]▀▀]            [[;#A50;#000]▄░  ▀░▒▓▀▐▌▄▄▀▄▌ ▀▀▄    ░][[;#AAA;#A50]░▒▓]       [[;#A50;#000]▄▄▐][[;#AAA;#A50]░▒▓▓][[;#AAA;#000]▀▀▄][[;#A50;#000]▄▀▀▀][[;#AAA;#000]▀▀][[;#A50;#000]▀▀▀][[;#AAA;#A50]░][[;#A50;#000]▀▀]
[[;#A50;#000]  ][[b;#444;#000]░ ][[;#A50;]▄][[;#AAA;]▀▀ ░]         [[;#A50;]▄▄▀▀]     [[;#A50;]▐▓▄░▀▄▄▄][[;#AAA;#A50]░][[;#A50;#000]▌ ▀][[;#AAA;#A50]░][[;#A50;#000]▌   ][[b;#444;#000]▄▌][[;#A50;]▄][[;#AAA;#A50]░][[;#A50;#000]▀][[;#AAA;#000]▀][[b;#444;#000]░   ][[;#A50;]▄▄▓▀█ ▐][[;#AAA;#A50]░][[;#AAA;#000]▀    ▀][[;#AAA;#A50]░][[;#A50;#000]█▓▒▄▀▀▀]
[[;#A50;#000]    ▐][[b;#FF5;#A50]░][[;;#A50]░][[;;#000]▄][[;#A50;#000]▄▄▄   ▄▄▄▓░    ░░   ░▌ ▌ ▀▀▒▄▓▄ ▀  ][[b;#444;#000]░▒]     [[;#A50;]▄ ░▓█▀▄▓▀▌▀ ▄▓█▄   ▀][[;#AAA;#A50]░]
[[;#A50;]  ][[;#AAA;]▄][[;#AAA;#A50]▒][[;#A50;#000]▌][[;#AAA;#000]▀][[;#AAA;#A50]▒][[;#AAA;#000]▄][[;#A50;#000]▄ ▀▀▀][[;#AAA;#A50]░][[;#A50;#000]▓▓▒░  ▄▒░░  ░ ▐ ▐ ░▒▌▐░ ▀][[;#AAA;#A50]░][[;#A50;#000]▄][[;#AAA;#000]▄]      [[;#A50;#000]▄][[;#AAA;#A50]░][[;#A50;#000]▌▄▀▄▌▐][[;#AAA;#A50]░][[;#AAA;#000] ][[;#A50;#000]▐][[;#AAA;#A50]░][[;#A50;#000]▌ ░▄▓][[;#AAA;#A50]░][[;#AAA;#000]▌]
[[;#AAA;#000] ][[;#AAA;#A50]▓][[;#AAA;#000]▀][[;#A50;#000]▀▄ ][[;#AAA;#000]▀▌▀][[;#A50;#000]▀▓▄▄   ▄▄▓▒▀  ▄][[;#AAA;#A50]░][[;#A50;#000]▀   ░▌▐ █▒ ▀▄▄ ▀][[;#AAA;#A50]▒░][[;#A50;#000]▀  ▄▓▀ ▐][[;#AAA;#A50]░][[;#A50;#000]░▐][[;#AAA;#A50]░][[;#AAA;#000] ][[;#A50;#000]▀▌░▀ ▄▒▓][[;#AAA;#A50]░▒][[;#AAA;#000]▄▌ ][[b;#444;#000]░░░ ░]
[[b;#444;#000]  ][[;#A50;]░▓▄▄▄ ][[;#AAA;]▀▄▄▄ ][[;#A50;]▀▀▀▀  ▄▄][[;#AAA;#A50]░][[;#A50;#000]▀    ][[b;#444;#000]░   ][[;#A50;]░ ▐▄▒▄  ▀▀ ▄▄][[b;#FF5;#A50]░][[;#A50;]▐][[;#AAA;#A50]░][[;#A50;#000]▄▓▒ ▌  ▄▄▄  ▄▓▀▐▓ ▀][[;#AAA;#A50]░▒][[;#AAA;#000]  ][[b;#444;#000]░]
[[b;#444;#000] ][[;#A50;]░ ▀   ▀▀ ][[;#AAA;]▀▀▀▀][[;#A50;]▀][[;#AAA;]▀][[;#A50;]▀▀▀▀]     [[b;#444;]░░]     [[;#A50;]░  ▀▐▓▒░ ▀▓][[;#AAA;#A50]░][[;#A50;#000]▌][[;#AAA;#A50]░][[;#A50;#000]▀▀▀   ▄▀][[;#AAA;#A50]░][[;#AAA;#000] ][[;#AAA;#A50]░][[;#A50;#000]▀▄ ▐▀  ▀ ▀]
                                      [[;#A50;#000]▀▀▀]          [[;#A50;#000]▐▌▐▌▐▌▀▓▒▄▀ ░ ▄▓]
                                                    [[;#A50;#000]▀ ▀ ▀  ▀]     [[;#A50;#000]▄▀ ][[b;#444;#000]bs]
                                                                    [[;#000;]░░▒▓]
[[;#000;]SAUCE00Regina Pacis                       burps               fuel                20180923fX][[;#000;]P][[;#000;]ç][[;#000;]IBM VGA]"
`;
